Archive member included to satisfy reference by file (symbol)

/home/leonas/User/Lab/Do_an_tham_khao/Do_an/dwm1001_Tag/DWM1001-Real-Time-Localization-System/dwm-simple/../../lib/libdwm.a(ble-server.o)
                              /home/leonas/User/Lab/Do_an_tham_khao/Do_an/dwm1001_Tag/DWM1001-Real-Time-Localization-System/dwm-simple/../../lib/dwm.o (ble_add_shell_cmds)
/home/leonas/User/Lab/Do_an_tham_khao/Do_an/dwm1001_Tag/DWM1001-Real-Time-Localization-System/dwm-simple/../../lib/libdwm.a(ble_srv_common.o)
                              /home/leonas/User/Lab/Do_an_tham_khao/Do_an/dwm1001_Tag/DWM1001-Real-Time-Localization-System/dwm-simple/../../lib/libdwm.a(ble-server.o) (ble_srv_is_notification_enabled)
/home/leonas/User/Lab/Do_an_tham_khao/Do_an/dwm1001_Tag/DWM1001-Real-Time-Localization-System/dwm-simple/../../lib/libdwm.a(dw1000.o)
                              /home/leonas/User/Lab/Do_an_tham_khao/Do_an/dwm1001_Tag/DWM1001-Real-Time-Localization-System/dwm-simple/../../lib/libdwm.a(ble-server.o) (dw_rand)
/home/leonas/User/Lab/Do_an_tham_khao/Do_an/dwm1001_Tag/DWM1001-Real-Time-Localization-System/dwm-simple/../../lib/libdwm.a(dwm-math.o)
                              /home/leonas/User/Lab/Do_an_tham_khao/Do_an/dwm1001_Tag/DWM1001-Real-Time-Localization-System/dwm-simple/../../lib/libdwm.a(dw1000.o) (flog10)
/home/leonas/User/Lab/Do_an_tham_khao/Do_an/dwm1001_Tag/DWM1001-Real-Time-Localization-System/dwm-simple/../../lib/libdwm.a(dwm.o)
                              /home/leonas/User/Lab/Do_an_tham_khao/Do_an/dwm1001_Tag/DWM1001-Real-Time-Localization-System/dwm-simple/output/compiler/dwm-simple.o (dwm_systime_us_get)
/home/leonas/User/Lab/Do_an_tham_khao/Do_an/dwm1001_Tag/DWM1001-Real-Time-Localization-System/dwm-simple/../../lib/libdwm.a(env-tlv.o)
                              /home/leonas/User/Lab/Do_an_tham_khao/Do_an/dwm1001_Tag/DWM1001-Real-Time-Localization-System/dwm-simple/../../lib/dwm.o (env_load)
/home/leonas/User/Lab/Do_an_tham_khao/Do_an/dwm1001_Tag/DWM1001-Real-Time-Localization-System/dwm-simple/../../lib/libdwm.a(fwup.o)
                              /home/leonas/User/Lab/Do_an_tham_khao/Do_an/dwm1001_Tag/DWM1001-Real-Time-Localization-System/dwm-simple/../../lib/libdwm.a(ble-server.o) (fwup_rcvr_in_progress)
/home/leonas/User/Lab/Do_an_tham_khao/Do_an/dwm1001_Tag/DWM1001-Real-Time-Localization-System/dwm-simple/../../lib/libdwm.a(hal.o)
                              /home/leonas/User/Lab/Do_an_tham_khao/Do_an/dwm1001_Tag/DWM1001-Real-Time-Localization-System/dwm-simple/../../lib/libdwm.a(dwm.o) (hal_factory_reset)
/home/leonas/User/Lab/Do_an_tham_khao/Do_an/dwm1001_Tag/DWM1001-Real-Time-Localization-System/dwm-simple/../../lib/libdwm.a(nrf_drv_rng.o)
                              /home/leonas/User/Lab/Do_an_tham_khao/Do_an/dwm1001_Tag/DWM1001-Real-Time-Localization-System/dwm-simple/../../lib/libdwm.a(hal.o) (nrf_drv_rng_init)
/home/leonas/User/Lab/Do_an_tham_khao/Do_an/dwm1001_Tag/DWM1001-Real-Time-Localization-System/dwm-simple/../../lib/libdwm.a(pm.o)
                              /home/leonas/User/Lab/Do_an_tham_khao/Do_an/dwm1001_Tag/DWM1001-Real-Time-Localization-System/dwm-simple/../../lib/libdwm.a(ble-server.o) (pm_sched_signal)
/home/leonas/User/Lab/Do_an_tham_khao/Do_an/dwm1001_Tag/DWM1001-Real-Time-Localization-System/dwm-simple/../../lib/libdwm.a(process-api.o)
                              /home/leonas/User/Lab/Do_an_tham_khao/Do_an/dwm1001_Tag/DWM1001-Real-Time-Localization-System/dwm-simple/../../lib/dwm.o (api_thread_start)
/home/leonas/User/Lab/Do_an_tham_khao/Do_an/dwm1001_Tag/DWM1001-Real-Time-Localization-System/dwm-simple/../../lib/libdwm.a(process-ble.o)
                              /home/leonas/User/Lab/Do_an_tham_khao/Do_an/dwm1001_Tag/DWM1001-Real-Time-Localization-System/dwm-simple/../../lib/libdwm.a(ble-server.o) (ble_server_evt_put)
/home/leonas/User/Lab/Do_an_tham_khao/Do_an/dwm1001_Tag/DWM1001-Real-Time-Localization-System/dwm-simple/../../lib/libdwm.a(process-le.o)
                              /home/leonas/User/Lab/Do_an_tham_khao/Do_an/dwm1001_Tag/DWM1001-Real-Time-Localization-System/dwm-simple/../../lib/dwm.o (le_init)
/home/leonas/User/Lab/Do_an_tham_khao/Do_an/dwm1001_Tag/DWM1001-Real-Time-Localization-System/dwm-simple/../../lib/libdwm.a(process-pm.o)
                              /home/leonas/User/Lab/Do_an_tham_khao/Do_an/dwm1001_Tag/DWM1001-Real-Time-Localization-System/dwm-simple/../../lib/dwm.o (hal_pm_init)
/home/leonas/User/Lab/Do_an_tham_khao/Do_an/dwm1001_Tag/DWM1001-Real-Time-Localization-System/dwm-simple/../../lib/libdwm.a(process-svc.o)
                              /home/leonas/User/Lab/Do_an_tham_khao/Do_an/dwm1001_Tag/DWM1001-Real-Time-Localization-System/dwm-simple/../../lib/dwm.o (svc_init)
/home/leonas/User/Lab/Do_an_tham_khao/Do_an/dwm1001_Tag/DWM1001-Real-Time-Localization-System/dwm-simple/../../lib/libdwm.a(process-uwbmac.o)
[...]
Memory Configuration

Name             Origin             Length             Attributes
sram             0x00000000200035e0 0x000000000000ba20
flash            0x0000000000044000 0x000000000003c000
*default*        0x0000000000000000 0xffffffffffffffff

Linker script and memory map

LOAD /home/leonas/User/Lab/Do_an_tham_khao/Do_an/dwm1001_Tag/DWM1001-Real-Time-Localization-System/dwm-simple/../../lib/vectors.o
LOAD /home/leonas/User/Lab/Do_an_tham_khao/Do_an/dwm1001_Tag/DWM1001-Real-Time-Localization-System/dwm-simple/output/compiler/dwm-simple.o
LOAD /home/leonas/User/Lab/Do_an_tham_khao/Do_an/dwm1001_Tag/DWM1001-Real-Time-Localization-System/dwm-simple/../../lib/dwm.o
LOAD /home/leonas/User/Lab/Do_an_tham_khao/Do_an/dwm1001_Tag/DWM1001-Real-Time-Localization-System/dwm-simple/../../lib/libdwm.a
LOAD /home/leonas/User/SourceFile/gcc-arm-none-eabi-10.3-2021.10/bin/../lib/gcc/arm-none-eabi/10.3.1/../../../../arm-none-eabi/lib/thumb/v7e-m+fp/hard/libm.a
LOAD /home/leonas/User/SourceFile/gcc-arm-none-eabi-10.3-2021.10/bin/../lib/gcc/arm-none-eabi/10.3.1/thumb/v7e-m+fp/hard/libgcc.a
LOAD /home/leonas/User/SourceFile/gcc-arm-none-eabi-10.3-2021.10/bin/../lib/gcc/arm-none-eabi/10.3.1/../../../../arm-none-eabi/lib/thumb/v7e-m+fp/hard/libc.a
LOAD /home/leonas/User/SourceFile/gcc-arm-none-eabi-10.3-2021.10/bin/../lib/gcc/arm-none-eabi/10.3.1/../../../../arm-none-eabi/lib/thumb/v7e-m+fp/hard/libnosys.a
LOAD /home/leonas/User/Lab/Do_an_tham_khao/Do_an/dwm1001_Tag/DWM1001-Real-Time-Localization-System/dwm-simple/../../lib/extras.o
START GROUP
LOAD /home/leonas/User/Lab/Do_an_tham_khao/Do_an/dwm1001_Tag/DWM1001-Real-Time-Localization-System/dwm-simple/../../lib/libtarget.a
LOAD /home/leonas/User/SourceFile/gcc-arm-none-eabi-10.3-2021.10/bin/../lib/gcc/arm-none-eabi/10.3.1/thumb/v7e-m+fp/hard/libgcc.a
LOAD /home/leonas/User/SourceFile/gcc-arm-none-eabi-10.3-2021.10/bin/../lib/gcc/arm-none-eabi/10.3.1/../../../../arm-none-eabi/lib/thumb/v7e-m+fp/hard/libsupc++.a
END GROUP

.debug_aranges  0x0000000000000000       0x30
 *(.debug_aranges)
 .debug_aranges
                0x0000000000000000       0x30 /home/leonas/User/Lab/Do_an_tham_khao/Do_an/dwm1001_Tag/DWM1001-Real-Time-Localization-System/dwm-simple/output/compiler/dwm-simple.o

.debug_pubnames
 *(.debug_pubnames)

.debug_info     0x0000000000000000      0x8f8
 *(.debug_info)
 .debug_info    0x0000000000000000      0x8f8 /home/leonas/User/Lab/Do_an_tham_khao/Do_an/dwm1001_Tag/DWM1001-Real-Time-Localization-System/dwm-simple/output/compiler/dwm-simple.o

.debug_abbrev   0x0000000000000000      0x1f4
 *(.debug_abbrev)
 .debug_abbrev  0x0000000000000000      0x1f4 /home/leonas/User/Lab/Do_an_tham_khao/Do_an/dwm1001_Tag/DWM1001-Real-Time-Localization-System/dwm-simple/output/compiler/dwm-simple.o

.debug_line     0x0000000000000000      0x628
 *(.debug_line)
 .debug_line    0x0000000000000000      0x628 /home/leonas/User/Lab/Do_an_tham_khao/Do_an/dwm1001_Tag/DWM1001-Real-Time-Localization-System/dwm-simple/output/compiler/dwm-simple.o

.debug_frame    0x0000000000000000     0x1ec0
 *(.debug_frame)
 .debug_frame   0x0000000000000000       0x84 /home/leonas/User/Lab/Do_an_tham_khao/Do_an/dwm1001_Tag/DWM1001-Real-Time-Localization-System/dwm-simple/output/compiler/dwm-simple.o
 .debug_frame   0x0000000000000084       0x30 /home/leonas/User/SourceFile/gcc-arm-none-eabi-10.3-2021.10/bin/../lib/gcc/arm-none-eabi/10.3.1/../../../../arm-none-eabi/lib/thumb/v7e-m+fp/hard/libm.a(lib_a-s_ceil.o)
 .debug_frame   0x00000000000000b4       0x30 /home/leonas/User/SourceFile/gcc-arm-none-eabi-10.3-2021.10/bin/../lib/gcc/arm-none-eabi/10.3.1/../../../../arm-none-eabi/lib/thumb/v7e-m+fp/hard/libm.a(lib_a-s_floor.o)
 .debug_frame   0x00000000000000e4       0x48 /home/leonas/User/SourceFile/gcc-arm-none-eabi-10.3-2021.10/bin/../lib/gcc/arm-none-eabi/10.3.1/../../../../arm-none-eabi/lib/thumb/v7e-m+fp/hard/libm.a(lib_a-w_sqrt.o)
 .debug_frame   0x000000000000012c       0x30 /home/leonas/User/SourceFile/gcc-arm-none-eabi-10.3-2021.10/bin/../lib/gcc/arm-none-eabi/10.3.1/../../../../arm-none-eabi/lib/thumb/v7e-m+fp/hard/libm.a(lib_a-e_sqrt.o)
 .debug_frame   0x000000000000015c       0xac /home/leonas/User/SourceFile/gcc-arm-none-eabi-10.3-2021.10/bin/../lib/gcc/arm-none-eabi/10.3.1/thumb/v7e-m+fp/hard/libgcc.a(_arm_addsubdf3.o)
 .debug_frame   0x0000000000000208       0x50 /home/leonas/User/SourceFile/gcc-arm-none-eabi-10.3-2021.10/bin/../lib/gcc/arm-none-eabi/10.3.1/thumb/v7e-m+fp/hard/libgcc.a(_arm_muldivdf3.o)
 .debug_frame   0x0000000000000258       0xc4 /home/leonas/User/SourceFile/gcc-arm-none-eabi-10.3-2021.10/bin/../lib/gcc/arm-none-eabi/10.3.1/thumb/v7e-m+fp/hard/libgcc.a(_arm_cmpdf2.o)
 .debug_frame   0x000000000000031c       0x20 /home/leonas/User/SourceFile/gcc-arm-none-eabi-10.3-2021.10/bin/../lib/gcc/arm-none-eabi/10.3.1/thumb/v7e-m+fp/hard/libgcc.a(_arm_unorddf2.o)
 .debug_frame   0x000000000000033c       0x24 /home/leonas/User/SourceFile/gcc-arm-none-eabi-10.3-2021.10/bin/../lib/gcc/arm-none-eabi/10.3.1/thumb/v7e-m+fp/hard/libgcc.a(_arm_fixdfsi.o)
 .debug_frame   0x0000000000000360       0x24 /home/leonas/User/SourceFile/gcc-arm-none-eabi-10.3-2021.10/bin/../lib/gcc/arm-none-eabi/10.3.1/thumb/v7e-m+fp/hard/libgcc.a(_arm_fixunsdfsi.o)
 .debug_frame   0x0000000000000384       0x24 /home/leonas/User/SourceFile/gcc-arm-none-eabi-10.3-2021.10/bin/../lib/gcc/arm-none-eabi/10.3.1/thumb/v7e-m+fp/hard/libgcc.a(_arm_truncdfsf2.o)
 .debug_frame   0x00000000000003a8       0x4c /home/leonas/User/SourceFile/gcc-arm-none-eabi-10.3-2021.10/bin/../lib/gcc/arm-none-eabi/10.3.1/thumb/v7e-m+fp/hard/libgcc.a(_arm_addsubsf3.o)
 .debug_frame   0x00000000000003f4       0x44 /home/leonas/User/SourceFile/gcc-arm-none-eabi-10.3-2021.10/bin/../lib/gcc/arm-none-eabi/10.3.1/thumb/v7e-m+fp/hard/libgcc.a(_aeabi_ldivmod.o)
 .debug_frame   0x0000000000000438       0x2c /home/leonas/User/SourceFile/gcc-arm-none-eabi-10.3-2021.10/bin/../lib/gcc/arm-none-eabi/10.3.1/thumb/v7e-m+fp/hard/libgcc.a(_aeabi_uldivmod.o)
 .debug_frame   0x0000000000000464       0x2c /home/leonas/User/SourceFile/gcc-arm-none-eabi-10.3-2021.10/bin/../lib/gcc/arm-none-eabi/10.3.1/thumb/v7e-m+fp/hard/libgcc.a(_fixunssfdi.o)
 .debug_frame   0x0000000000000490       0x2c /home/leonas/User/SourceFile/gcc-arm-none-eabi-10.3-2021.10/bin/../lib/gcc/arm-none-eabi/10.3.1/thumb/v7e-m+fp/hard/libgcc.a(_fixunsdfdi.o)
 .debug_frame   0x00000000000004bc       0x34 /home/leonas/User/SourceFile/gcc-arm-none-eabi-10.3-2021.10/bin/../lib/gcc/arm-none-eabi/10.3.1/thumb/v7e-m+fp/hard/libgcc.a(_udivmoddi4.o)
 .debug_frame   0x00000000000004f0       0x30 /home/leonas/User/SourceFile/gcc-arm-none-eabi-10.3-2021.10/bin/../lib/gcc/arm-none-eabi/10.3.1/../../../../arm-none-eabi/lib/thumb/v7e-m+fp/hard/libc.a(lib_a-atoi.o)
 .debug_frame   0x0000000000000520       0x2c /home/leonas/User/SourceFile/gcc-arm-none-eabi-10.3-2021.10/bin/../lib/gcc/arm-none-eabi/10.3.1/../../../../arm-none-eabi/lib/thumb/v7e-m+fp/hard/libc.a(lib_a-calloc.o)
 .debug_frame   0x000000000000054c       0x2c /home/leonas/User/SourceFile/gcc-arm-none-eabi-10.3-2021.10/bin/../lib/gcc/arm-none-eabi/10.3.1/../../../../arm-none-eabi/lib/thumb/v7e-m+fp/hard/libc.a(lib_a-callocr.o)
 .debug_frame   0x0000000000000578       0x20 /home/leonas/User/SourceFile/gcc-arm-none-eabi-10.3-2021.10/bin/../lib/gcc/arm-none-eabi/10.3.1/../../../../arm-none-eabi/lib/thumb/v7e-m+fp/hard/libc.a(lib_a-errno.o)
 .debug_frame   0x0000000000000598       0x70 /home/leonas/User/SourceFile/gcc-arm-none-eabi-10.3-2021.10/bin/../lib/gcc/arm-none-eabi/10.3.1/../../../../arm-none-eabi/lib/thumb/v7e-m+fp/hard/libc.a(lib_a-fflush.o)
 .debug_frame   0x0000000000000608      0x154 /home/leonas/User/SourceFile/gcc-arm-none-eabi-10.3-2021.10/bin/../lib/gcc/arm-none-eabi/10.3.1/../../../../arm-none-eabi/lib/thumb/v7e-m+fp/hard/libc.a(lib_a-findfp.o)
 .debug_frame   0x000000000000075c       0x8c /home/leonas/User/SourceFile/gcc-arm-none-eabi-10.3-2021.10/bin/../lib/gcc/arm-none-eabi/10.3.1/../../../../arm-none-eabi/lib/thumb/v7e-m+fp/hard/libc.a(lib_a-freer.o)
 .debug_frame   0x00000000000007e8       0x54 /home/leonas/User/SourceFile/gcc-arm-none-eabi-10.3-2021.10/bin/../lib/gcc/arm-none-eabi/10.3.1/../../../../arm-none-eabi/lib/thumb/v7e-m+fp/hard/libc.a(lib_a-fwalk.o)
 .debug_frame   0x000000000000083c       0xb0 /home/leonas/User/SourceFile/gcc-arm-none-eabi-10.3-2021.10/bin/../lib/gcc/arm-none-eabi/10.3.1/../../../../arm-none-eabi/lib/thumb/v7e-m+fp/hard/libc.a(lib_a-lock.o)
 .debug_frame   0x00000000000008ec       0x30 /home/leonas/User/SourceFile/gcc-arm-none-eabi-10.3-2021.10/bin/../lib/gcc/arm-none-eabi/10.3.1/../../../../arm-none-eabi/lib/thumb/v7e-m+fp/hard/libc.a(lib_a-malloc.o)
 .debug_frame   0x000000000000091c       0x4c /home/leonas/User/SourceFile/gcc-arm-none-eabi-10.3-2021.10/bin/../lib/gcc/arm-none-eabi/10.3.1/../../../../arm-none-eabi/lib/thumb/v7e-m+fp/hard/libc.a(lib_a-mallocr.o)
 .debug_frame   0x0000000000000968       0x2c /home/leonas/User/SourceFile/gcc-arm-none-eabi-10.3-2021.10/bin/../lib/gcc/arm-none-eabi/10.3.1/../../../../arm-none-eabi/lib/thumb/v7e-m+fp/hard/libc.a(lib_a-memcmp.o)
 .debug_frame   0x0000000000000994       0x2c /home/leonas/User/SourceFile/gcc-arm-none-eabi-10.3-2021.10/bin/../lib/gcc/arm-none-eabi/10.3.1/../../../../arm-none-eabi/lib/thumb/v7e-m+fp/hard/libc.a(lib_a-memset.o)
 .debug_frame   0x00000000000009c0       0x30 /home/leonas/User/SourceFile/gcc-arm-none-eabi-10.3-2021.10/bin/../lib/gcc/arm-none-eabi/10.3.1/../../../../arm-none-eabi/lib/thumb/v7e-m+fp/hard/libc.a(lib_a-mlock.o)
 .debug_frame   0x00000000000009f0       0x8c /home/leonas/User/SourceFile/gcc-arm-none-eabi-10.3-2021.10/bin/../lib/gcc/arm-none-eabi/10.3.1/../../../../arm-none-eabi/lib/thumb/v7e-m+fp/hard/libc.a(lib_a-mstats.o)
 .debug_frame   0x0000000000000a7c       0x74 /home/leonas/User/SourceFile/gcc-arm-none-eabi-10.3-2021.10/bin/../lib/gcc/arm-none-eabi/10.3.1/../../../../arm-none-eabi/lib/thumb/v7e-m+fp/hard/libc.a(lib_a-printf.o)
 .debug_frame   0x0000000000000af0       0x30 /home/leonas/User/SourceFile/gcc-arm-none-eabi-10.3-2021.10/bin/../lib/gcc/arm-none-eabi/10.3.1/../../../../arm-none-eabi/lib/thumb/v7e-m+fp/hard/libc.a(lib_a-putchar.o)
 .debug_frame   0x0000000000000b20       0x4c /home/leonas/User/SourceFile/gcc-arm-none-eabi-10.3-2021.10/bin/../lib/gcc/arm-none-eabi/10.3.1/../../../../arm-none-eabi/lib/thumb/v7e-m+fp/hard/libc.a(lib_a-puts.o)
 .debug_frame   0x0000000000000b6c       0x2c /home/leonas/User/SourceFile/gcc-arm-none-eabi-10.3-2021.10/bin/../lib/gcc/arm-none-eabi/10.3.1/../../../../arm-none-eabi/lib/thumb/v7e-m+fp/hard/libc.a(lib_a-sbrkr.o)
 .debug_frame   0x0000000000000b98       0x94 /home/leonas/User/SourceFile/gcc-arm-none-eabi-10.3-2021.10/bin/../lib/gcc/arm-none-eabi/10.3.1/../../../../arm-none-eabi/lib/thumb/v7e-m+fp/hard/libc.a(lib_a-snprintf.o)
 .debug_frame   0x0000000000000c2c       0x8c /home/leonas/User/SourceFile/gcc-arm-none-eabi-10.3-2021.10/bin/../lib/gcc/arm-none-eabi/10.3.1/../../../../arm-none-eabi/lib/thumb/v7e-m+fp/hard/libc.a(lib_a-stdio.o)
 .debug_frame   0x0000000000000cb8       0x68 /home/leonas/User/SourceFile/gcc-arm-none-eabi-10.3-2021.10/bin/../lib/gcc/arm-none-eabi/10.3.1/../../../../arm-none-eabi/lib/thumb/v7e-m+fp/hard/libc.a(lib_a-strcmp.o)
 .debug_frame   0x0000000000000d20       0x38 /home/leonas/User/SourceFile/gcc-arm-none-eabi-10.3-2021.10/bin/../lib/gcc/arm-none-eabi/10.3.1/../../../../arm-none-eabi/lib/thumb/v7e-m+fp/hard/libc.a(lib_a-strncmp.o)
 .debug_frame   0x0000000000000d58       0x20 /home/leonas/User/SourceFile/gcc-arm-none-eabi-10.3-2021.10/bin/../lib/gcc/arm-none-eabi/10.3.1/../../../../arm-none-eabi/lib/thumb/v7e-m+fp/hard/libc.a(lib_a-strnlen.o)
 .debug_frame   0x0000000000000d78       0x20 /home/leonas/User/SourceFile/gcc-arm-none-eabi-10.3-2021.10/bin/../lib/gcc/arm-none-eabi/10.3.1/../../../../arm-none-eabi/lib/thumb/v7e-m+fp/hard/libc.a(lib_a-strtok.o)
 .debug_frame   0x0000000000000d98       0x50 /home/leonas/User/SourceFile/gcc-arm-none-eabi-10.3-2021.10/bin/../lib/gcc/arm-none-eabi/10.3.1/../../../../arm-none-eabi/lib/thumb/v7e-m+fp/hard/libc.a(lib_a-strtok_r.o)
 .debug_frame   0x0000000000000de8       0x80 /home/leonas/User/SourceFile/gcc-arm-none-eabi-10.3-2021.10/bin/../lib/gcc/arm-none-eabi/10.3.1/../../../../arm-none-eabi/lib/thumb/v7e-m+fp/hard/libc.a(lib_a-strtol.o)
 .debug_frame   0x0000000000000e68       0x7c /home/leonas/User/SourceFile/gcc-arm-none-eabi-10.3-2021.10/bin/../lib/gcc/arm-none-eabi/10.3.1/../../../../arm-none-eabi/lib/thumb/v7e-m+fp/hard/libc.a(lib_a-strtoul.o)
 .debug_frame   0x0000000000000ee4       0x7c /home/leonas/User/SourceFile/gcc-arm-none-eabi-10.3-2021.10/bin/../lib/gcc/arm-none-eabi/10.3.1/../../../../arm-none-eabi/lib/thumb/v7e-m+fp/hard/libc.a(lib_a-svfprintf.o)
 .debug_frame   0x0000000000000f60       0xe4 /home/leonas/User/SourceFile/gcc-arm-none-eabi-10.3-2021.10/bin/../lib/gcc/arm-none-eabi/10.3.1/../../../../arm-none-eabi/lib/thumb/v7e-m+fp/hard/libc.a(lib_a-vfprintf.o)
 .debug_frame   0x0000000000001044       0x2c /home/leonas/User/SourceFile/gcc-arm-none-eabi-10.3-2021.10/bin/../lib/gcc/arm-none-eabi/10.3.1/../../../../arm-none-eabi/lib/thumb/v7e-m+fp/hard/libc.a(lib_a-writer.o)
 .debug_frame   0x0000000000001070       0x2c /home/leonas/User/SourceFile/gcc-arm-none-eabi-10.3-2021.10/bin/../lib/gcc/arm-none-eabi/10.3.1/../../../../arm-none-eabi/lib/thumb/v7e-m+fp/hard/libc.a(lib_a-wsetup.o)
 .debug_frame   0x000000000000109c       0x2c /home/leonas/User/SourceFile/gcc-arm-none-eabi-10.3-2021.10/bin/../lib/gcc/arm-none-eabi/10.3.1/../../../../arm-none-eabi/lib/thumb/v7e-m+fp/hard/libc.a(lib_a-closer.o)
 .debug_frame   0x00000000000010c8       0xdc /home/leonas/User/SourceFile/gcc-arm-none-eabi-10.3-2021.10/bin/../lib/gcc/arm-none-eabi/10.3.1/../../../../arm-none-eabi/lib/thumb/v7e-m+fp/hard/libc.a(lib_a-dtoa.o)
 .debug_frame   0x00000000000011a4       0x3c /home/leonas/User/SourceFile/gcc-arm-none-eabi-10.3-2021.10/bin/../lib/gcc/arm-none-eabi/10.3.1/../../../../arm-none-eabi/lib/thumb/v7e-m+fp/hard/libc.a(lib_a-fclose.o)
 .debug_frame   0x00000000000011e0       0x70 /home/leonas/User/SourceFile/gcc-arm-none-eabi-10.3-2021.10/bin/../lib/gcc/arm-none-eabi/10.3.1/../../../../arm-none-eabi/lib/thumb/v7e-m+fp/hard/libc.a(lib_a-fiprintf.o)
 .debug_frame   0x0000000000001250       0x64 /home/leonas/User/SourceFile/gcc-arm-none-eabi-10.3-2021.10/bin/../lib/gcc/arm-none-eabi/10.3.1/../../../../arm-none-eabi/lib/thumb/v7e-m+fp/hard/libc.a(lib_a-fvwrite.o)
 .debug_frame   0x00000000000012b4       0x40 /home/leonas/User/SourceFile/gcc-arm-none-eabi-10.3-2021.10/bin/../lib/gcc/arm-none-eabi/10.3.1/../../../../arm-none-eabi/lib/thumb/v7e-m+fp/hard/libc.a(lib_a-localeconv.o)
 .debug_frame   0x00000000000012f4       0x2c /home/leonas/User/SourceFile/gcc-arm-none-eabi-10.3-2021.10/bin/../lib/gcc/arm-none-eabi/10.3.1/../../../../arm-none-eabi/lib/thumb/v7e-m+fp/hard/libc.a(lib_a-lseekr.o)
 .debug_frame   0x0000000000001320       0x70 /home/leonas/User/SourceFile/gcc-arm-none-eabi-10.3-2021.10/bin/../lib/gcc/arm-none-eabi/10.3.1/../../../../arm-none-eabi/lib/thumb/v7e-m+fp/hard/libc.a(lib_a-makebuf.o)
 .debug_frame   0x0000000000001390       0x44 /home/leonas/User/SourceFile/gcc-arm-none-eabi-10.3-2021.10/bin/../lib/gcc/arm-none-eabi/10.3.1/../../../../arm-none-eabi/lib/thumb/v7e-m+fp/hard/libc.a(lib_a-mallinfor.o)
 .debug_frame   0x00000000000013d4       0x40 /home/leonas/User/SourceFile/gcc-arm-none-eabi-10.3-2021.10/bin/../lib/gcc/arm-none-eabi/10.3.1/../../../../arm-none-eabi/lib/thumb/v7e-m+fp/hard/libc.a(lib_a-memmove.o)
 .debug_frame   0x0000000000001414      0x280 /home/leonas/User/SourceFile/gcc-arm-none-eabi-10.3-2021.10/bin/../lib/gcc/arm-none-eabi/10.3.1/../../../../arm-none-eabi/lib/thumb/v7e-m+fp/hard/libc.a(lib_a-mprec.o)
 .debug_frame   0x0000000000001694       0x48 /home/leonas/User/SourceFile/gcc-arm-none-eabi-10.3-2021.10/bin/../lib/gcc/arm-none-eabi/10.3.1/../../../../arm-none-eabi/lib/thumb/v7e-m+fp/hard/libc.a(lib_a-putc.o)
 .debug_frame   0x00000000000016dc       0x2c /home/leonas/User/SourceFile/gcc-arm-none-eabi-10.3-2021.10/bin/../lib/gcc/arm-none-eabi/10.3.1/../../../../arm-none-eabi/lib/thumb/v7e-m+fp/hard/libc.a(lib_a-readr.o)
 .debug_frame   0x0000000000001708       0x48 /home/leonas/User/SourceFile/gcc-arm-none-eabi-10.3-2021.10/bin/../lib/gcc/arm-none-eabi/10.3.1/../../../../arm-none-eabi/lib/thumb/v7e-m+fp/hard/libc.a(lib_a-reallocr.o)
 .debug_frame   0x0000000000001750       0x64 /home/leonas/User/SourceFile/gcc-arm-none-eabi-10.3-2021.10/bin/../lib/gcc/arm-none-eabi/10.3.1/../../../../arm-none-eabi/lib/thumb/v7e-m+fp/hard/libc.a(lib_a-reent.o)
 .debug_frame   0x00000000000017b4       0x2c /home/leonas/User/SourceFile/gcc-arm-none-eabi-10.3-2021.10/bin/../lib/gcc/arm-none-eabi/10.3.1/../../../../arm-none-eabi/lib/thumb/v7e-m+fp/hard/libc.a(lib_a-s_frexp.o)
 .debug_frame   0x00000000000017e0       0x2c /home/leonas/User/SourceFile/gcc-arm-none-eabi-10.3-2021.10/bin/../lib/gcc/arm-none-eabi/10.3.1/../../../../arm-none-eabi/lib/thumb/v7e-m+fp/hard/libc.a(lib_a-strncpy.o)
 .debug_frame   0x000000000000180c       0x88 /home/leonas/User/SourceFile/gcc-arm-none-eabi-10.3-2021.10/bin/../lib/gcc/arm-none-eabi/10.3.1/../../../../arm-none-eabi/lib/thumb/v7e-m+fp/hard/libc.a(lib_a-svfiprintf.o)
 .debug_frame   0x0000000000001894       0xf4 /home/leonas/User/SourceFile/gcc-arm-none-eabi-10.3-2021.10/bin/../lib/gcc/arm-none-eabi/10.3.1/../../../../arm-none-eabi/lib/thumb/v7e-m+fp/hard/libc.a(lib_a-vfiprintf.o)
 .debug_frame   0x0000000000001988       0x4c /home/leonas/User/SourceFile/gcc-arm-none-eabi-10.3-2021.10/bin/../lib/gcc/arm-none-eabi/10.3.1/../../../../arm-none-eabi/lib/thumb/v7e-m+fp/hard/libc.a(lib_a-wbuf.o)
 .debug_frame   0x00000000000019d4       0x40 /home/leonas/User/SourceFile/gcc-arm-none-eabi-10.3-2021.10/bin/../lib/gcc/arm-none-eabi/10.3.1/../../../../arm-none-eabi/lib/thumb/v7e-m+fp/hard/libc.a(lib_a-assert.o)
 .debug_frame   0x0000000000001a14       0x8c /home/leonas/User/SourceFile/gcc-arm-none-eabi-10.3-2021.10/bin/../lib/gcc/arm-none-eabi/10.3.1/../../../../arm-none-eabi/lib/thumb/v7e-m+fp/hard/libc.a(lib_a-fputwc.o)
 .debug_frame   0x0000000000001aa0       0x2c /home/leonas/User/SourceFile/gcc-arm-none-eabi-10.3-2021.10/bin/../lib/gcc/arm-none-eabi/10.3.1/../../../../arm-none-eabi/lib/thumb/v7e-m+fp/hard/libc.a(lib_a-fstatr.o)
 .debug_frame   0x0000000000001acc       0x2c /home/leonas/User/SourceFile/gcc-arm-none-eabi-10.3-2021.10/bin/../lib/gcc/arm-none-eabi/10.3.1/../../../../arm-none-eabi/lib/thumb/v7e-m+fp/hard/libc.a(lib_a-isattyr.o)
 .debug_frame   0x0000000000001af8       0x68 /home/leonas/User/SourceFile/gcc-arm-none-eabi-10.3-2021.10/bin/../lib/gcc/arm-none-eabi/10.3.1/../../../../arm-none-eabi/lib/thumb/v7e-m+fp/hard/libc.a(lib_a-locale.o)
 .debug_frame   0x0000000000001b60       0x4c /home/leonas/User/SourceFile/gcc-arm-none-eabi-10.3-2021.10/bin/../lib/gcc/arm-none-eabi/10.3.1/../../../../arm-none-eabi/lib/thumb/v7e-m+fp/hard/libc.a(lib_a-mbtowc_r.o)
 .debug_frame   0x0000000000001bac       0x60 /home/leonas/User/SourceFile/gcc-arm-none-eabi-10.3-2021.10/bin/../lib/gcc/arm-none-eabi/10.3.1/../../../../arm-none-eabi/lib/thumb/v7e-m+fp/hard/libc.a(lib_a-wcrtomb.o)
 .debug_frame   0x0000000000001c0c       0x3c /home/leonas/User/SourceFile/gcc-arm-none-eabi-10.3-2021.10/bin/../lib/gcc/arm-none-eabi/10.3.1/../../../../arm-none-eabi/lib/thumb/v7e-m+fp/hard/libc.a(lib_a-wctomb_r.o)
 .debug_frame   0x0000000000001c48       0x28 /home/leonas/User/SourceFile/gcc-arm-none-eabi-10.3-2021.10/bin/../lib/gcc/arm-none-eabi/10.3.1/../../../../arm-none-eabi/lib/thumb/v7e-m+fp/hard/libc.a(lib_a-abort.o)
 .debug_frame   0x0000000000001c70      0x114 /home/leonas/User/SourceFile/gcc-arm-none-eabi-10.3-2021.10/bin/../lib/gcc/arm-none-eabi/10.3.1/../../../../arm-none-eabi/lib/thumb/v7e-m+fp/hard/libc.a(lib_a-signal.o)
 .debug_frame   0x0000000000001d84       0x3c /home/leonas/User/SourceFile/gcc-arm-none-eabi-10.3-2021.10/bin/../lib/gcc/arm-none-eabi/10.3.1/../../../../arm-none-eabi/lib/thumb/v7e-m+fp/hard/libc.a(lib_a-signalr.o)
 .debug_frame   0x0000000000001dc0       0x20 /home/leonas/User/SourceFile/gcc-arm-none-eabi-10.3-2021.10/bin/../lib/gcc/arm-none-eabi/10.3.1/../../../../arm-none-eabi/lib/thumb/v7e-m+fp/hard/libnosys.a(close.o)
 .debug_frame   0x0000000000001de0       0x20 /home/leonas/User/SourceFile/gcc-arm-none-eabi-10.3-2021.10/bin/../lib/gcc/arm-none-eabi/10.3.1/../../../../arm-none-eabi/lib/thumb/v7e-m+fp/hard/libnosys.a(fstat.o)
 .debug_frame   0x0000000000001e00       0x20 /home/leonas/User/SourceFile/gcc-arm-none-eabi-10.3-2021.10/bin/../lib/gcc/arm-none-eabi/10.3.1/../../../../arm-none-eabi/lib/thumb/v7e-m+fp/hard/libnosys.a(getpid.o)
 .debug_frame   0x0000000000001e20       0x20 /home/leonas/User/SourceFile/gcc-arm-none-eabi-10.3-2021.10/bin/../lib/gcc/arm-none-eabi/10.3.1/../../../../arm-none-eabi/lib/thumb/v7e-m+fp/hard/libnosys.a(isatty.o)
 .debug_frame   0x0000000000001e40       0x20 /home/leonas/User/SourceFile/gcc-arm-none-eabi-10.3-2021.10/bin/../lib/gcc/arm-none-eabi/10.3.1/../../../../arm-none-eabi/lib/thumb/v7e-m+fp/hard/libnosys.a(kill.o)
 .debug_frame   0x0000000000001e60       0x20 /home/leonas/User/SourceFile/gcc-arm-none-eabi-10.3-2021.10/bin/../lib/gcc/arm-none-eabi/10.3.1/../../../../arm-none-eabi/lib/thumb/v7e-m+fp/hard/libnosys.a(lseek.o)
 .debug_frame   0x0000000000001e80       0x20 /home/leonas/User/SourceFile/gcc-arm-none-eabi-10.3-2021.10/bin/../lib/gcc/arm-none-eabi/10.3.1/../../../../arm-none-eabi/lib/thumb/v7e-m+fp/hard/libnosys.a(_exit.o)
 .debug_frame   0x0000000000001ea0       0x20 /home/leonas/User/SourceFile/gcc-arm-none-eabi-10.3-2021.10/bin/../lib/gcc/arm-none-eabi/10.3.1/../../../../arm-none-eabi/lib/thumb/v7e-m+fp/hard/libsupc++.a(atexit_arm.o)

.debug_str      0x0000000000000000      0x596
 *(.debug_str)
 .debug_str     0x0000000000000000      0x596 /home/leonas/User/Lab/Do_an_tham_khao/Do_an/dwm1001_Tag/DWM1001-Real-Time-Localization-System/dwm-simple/output/compiler/dwm-simple.o
                                        0x609 (size before relaxing)

.debug_loc
 *(.debug_loc)

.debug_macinfo
 *(.debug_macinfo)

.note.arm.ident
 *(.note.arm.ident)

/DISCARD/
 *(.fini_array*)

.rom_vectors    0x0000000000044000        0x8
                0x0000000000044000                __rom_vectors_vma = ABSOLUTE (.)
                0x0000000000044000                . = .
 *(.vectors)
 .vectors       0x0000000000044000        0x8 /home/leonas/User/Lab/Do_an_tham_khao/Do_an/dwm1001_Tag/DWM1001-Real-Time-Localization-System/dwm-simple/../../lib/vectors.o
                0x0000000000044000                __rom_vectors_lma = LOADADDR (.rom_vectors)

.rel.text
 *(.rel.text)
 *(.rel.text.*)
 *(.rel.gnu.linkonce.t*)

.rela.text
 *(.rela.text)
 *(.rela.text.*)
 *(.rela.gnu.linkonce.t*)

.rel.data
 *(.rel.data)
 *(.rel.data.*)
 *(.rel.gnu.linkonce.d*)

.rela.data
 *(.rela.data)
 *(.rela.data.*)
 *(.rela.gnu.linkonce.d*)

.rel.rodata
 *(.rel.rodata)
 *(.rel.rodata.*)
 *(.rel.gnu.linkonce.r*)

.rela.rodata
 *(.rela.rodata)
 *(.rela.rodata.*)
 *(.rela.gnu.linkonce.r*)

.rel.got
 *(.rel.got)

.rela.got
 *(.rela.got)

.rel.ctors
 *(.rel.ctors)

.rela.ctors
 *(.rela.ctors)

.rel.dtors
 *(.rel.dtors)

.rela.dtors
 *(.rela.dtors)

.rel.init
 *(.rel.init)

.rela.init
 *(.rela.init)

.rel.fini
 *(.rel.fini)

.rela.fini
 *(.rela.fini)

.rel.bss
 *(.rel.bss)

.rela.bss
 *(.rela.bss)

.rel.plt
 *(.rel.plt)

.rela.plt
 *(.rela.plt)

.rel.dyn        0x0000000000044008        0x0
 *(.rel.dyn)
 .rel.iplt      0x0000000000044008        0x0 /home/leonas/User/Lab/Do_an_tham_khao/Do_an/dwm1001_Tag/DWM1001-Real-Time-Localization-System/dwm-simple/../../lib/vectors.o

.ARM.extab      0x0000000000044008        0x0
                [!provide]                        PROVIDE (__stext = ABSOLUTE (.))
                0x0000000000044008                _stext = ABSOLUTE (.)
                0x0000000000044008                . = .
 *(.ARM.extab* .gnu.linkonce.armextab.*)
                0x0000000000044008                . = ALIGN (0x8)
                0x0000000000044008                __exidx_start = ABSOLUTE (.)

.ARM.exidx      0x0000000000044008        0x8
 *(.ARM.exidx* .gnu.linkonce.armexidx.*)
 .ARM.exidx     0x0000000000044008        0x8 /home/leonas/User/SourceFile/gcc-arm-none-eabi-10.3-2021.10/bin/../lib/gcc/arm-none-eabi/10.3.1/thumb/v7e-m+fp/hard/libgcc.a(_udivmoddi4.o)
 .ARM.exidx.text.__aeabi_atexit
                0x0000000000044010        0x0 /home/leonas/User/SourceFile/gcc-arm-none-eabi-10.3-2021.10/bin/../lib/gcc/arm-none-eabi/10.3.1/../../../../arm-none-eabi/lib/thumb/v7e-m+fp/hard/libsupc++.a(atexit_arm.o)
                                          0x8 (size before relaxing)
                0x0000000000044010                . = .
                0x0000000000044010                __exidx_end = ABSOLUTE (.)

.text           0x0000000000044010    0x2bbc0
 *(.text*)
 .text          0x0000000000044010       0xec /home/leonas/User/Lab/Do_an_tham_khao/Do_an/dwm1001_Tag/DWM1001-Real-Time-Localization-System/dwm-simple/../../lib/vectors.o
                0x0000000000044010                reset_vector
                0x000000000004401c                hal_switch_state_vsr
                0x000000000004403c                hal_default_exception_vsr
                0x000000000004406e                hal_default_interrupt_vsr
                0x0000000000044082                hal_pendable_svc_vsr
                0x00000000000440a8                hal_interrupt_end_done
                0x00000000000440ac                hal_interrupt_end_vsr
                0x00000000000440ba                hal_call_dsrs_vsr
                0x00000000000440be                hal_default_svc_vsr
                0x00000000000440cc                hal_usagefault_exception_vsr
                0x00000000000440f4                hal_boot_jump_asm
 .text.app_thread_entry
                0x00000000000440fc      0x808 /home/leonas/User/Lab/Do_an_tham_khao/Do_an/dwm1001_Tag/DWM1001-Real-Time-Localization-System/dwm-simple/output/compiler/dwm-simple.o
                0x00000000000440fc                app_thread_entry
 .text.dwm_user_start
                0x0000000000044904       0x58 /home/leonas/User/Lab/Do_an_tham_khao/Do_an/dwm1001_Tag/DWM1001-Real-Time-Localization-System/dwm-simple/output/compiler/dwm-simple.o
                0x0000000000044904                dwm_user_start
 .text.user_thread_create
                0x000000000004495c       0x84 /home/leonas/User/Lab/Do_an_tham_khao/Do_an/dwm1001_Tag/DWM1001-Real-Time-Localization-System/dwm-simple/../../lib/dwm.o
                0x000000000004495c                user_thread_create
 .text.user_thread_resume
                0x00000000000449e0       0x38 /home/leonas/User/Lab/Do_an_tham_khao/Do_an/dwm1001_Tag/DWM1001-Real-Time-Localization-System/dwm-simple/../../lib/dwm.o
                0x00000000000449e0                user_thread_resume
 .text.dwm_shell_add_commands
                0x0000000000044a18       0x6c /home/leonas/User/Lab/Do_an_tham_khao/Do_an/dwm1001_Tag/DWM1001-Real-Time-Localization-System/dwm-simple/../../lib/dwm.o
                0x0000000000044a18                dwm_shell_add_commands
 .text.cyg_user_start
                0x0000000000044a84      0x13c /home/leonas/User/Lab/Do_an_tham_khao/Do_an/dwm1001_Tag/DWM1001-Real-Time-Localization-System/dwm-simple/../../lib/dwm.o
                0x0000000000044a84                cyg_user_start
 .text.ble_adv_is_enabled
                0x0000000000044bc0        0xc /home/leonas/User/Lab/Do_an_tham_khao/Do_an/dwm1001_Tag/DWM1001-Real-Time-Localization-System/dwm-simple/../../lib/libdwm.a(ble-server.o)
                0x0000000000044bc0                ble_adv_is_enabled
 .text.ble_add_shell_cmds
                0x0000000000044bcc       0x10 /home/leonas/User/Lab/Do_an_tham_khao/Do_an/dwm1001_Tag/DWM1001-Real-Time-Localization-System/dwm-simple/../../lib/libdwm.a(ble-server.o)
                0x0000000000044bcc                ble_add_shell_cmds
 .text.ble_start
                0x0000000000044bdc       0x10 /home/leonas/User/Lab/Do_an_tham_khao/Do_an/dwm1001_Tag/DWM1001-Real-Time-Localization-System/dwm-simple/../../lib/libdwm.a(ble-server.o)
                0x0000000000044bdc                ble_start
 .text.ble_stop
                0x0000000000044bec       0x10 /home/leonas/User/Lab/Do_an_tham_khao/Do_an/dwm1001_Tag/DWM1001-Real-Time-Localization-System/dwm-simple/../../lib/libdwm.a(ble-server.o)
                0x0000000000044bec                ble_stop
 .text.ble_req_stop
                0x0000000000044bfc       0x10 /home/leonas/User/Lab/Do_an_tham_khao/Do_an/dwm1001_Tag/DWM1001-Real-Time-Localization-System/dwm-simple/../../lib/libdwm.a(ble-server.o)
                0x0000000000044bfc                ble_req_stop
 .text.ble_stop_is_needed
                0x0000000000044c0c        0xc /home/leonas/User/Lab/Do_an_tham_khao/Do_an/dwm1001_Tag/DWM1001-Real-Time-Localization-System/dwm-simple/../../lib/libdwm.a(ble-server.o)
                0x0000000000044c0c                ble_stop_is_needed
 .text.ble_autosuspend_disable
                0x0000000000044c18        0xc /home/leonas/User/Lab/Do_an_tham_khao/Do_an/dwm1001_Tag/DWM1001-Real-Time-Localization-System/dwm-simple/../../lib/libdwm.a(ble-server.o)
                0x0000000000044c18                ble_autosuspend_disable
 .text.ble_autosuspend_enable
                0x0000000000044c24        0xc /home/leonas/User/Lab/Do_an_tham_khao/Do_an/dwm1001_Tag/DWM1001-Real-Time-Localization-System/dwm-simple/../../lib/libdwm.a(ble-server.o)
                0x0000000000044c24                ble_autosuspend_enable
 .text.ble_label_set
                0x0000000000044c30       0x10 /home/leonas/User/Lab/Do_an_tham_khao/Do_an/dwm1001_Tag/DWM1001-Real-Time-Localization-System/dwm-simple/../../lib/libdwm.a(ble-server.o)
                0x0000000000044c30                ble_label_set
 .text.ble_ur_set
                0x0000000000044c40       0x10 /home/leonas/User/Lab/Do_an_tham_khao/Do_an/dwm1001_Tag/DWM1001-Real-Time-Localization-System/dwm-simple/../../lib/libdwm.a(ble-server.o)
                0x0000000000044c40                ble_ur_set
 .text.ble_pan_id_set
                0x0000000000044c50       0x10 /home/leonas/User/Lab/Do_an_tham_khao/Do_an/dwm1001_Tag/DWM1001-Real-Time-Localization-System/dwm-simple/../../lib/libdwm.a(ble-server.o)
                0x0000000000044c50                ble_pan_id_set
 .text.ble_addr_set
                0x0000000000044c60       0x14 /home/leonas/User/Lab/Do_an_tham_khao/Do_an/dwm1001_Tag/DWM1001-Real-Time-Localization-System/dwm-simple/../../lib/libdwm.a(ble-server.o)
                0x0000000000044c60                ble_addr_set
 .text.ble_addr_get
                0x0000000000044c74       0x14 /home/leonas/User/Lab/Do_an_tham_khao/Do_an/dwm1001_Tag/DWM1001-Real-Time-Localization-System/dwm-simple/../../lib/libdwm.a(ble-server.o)
                0x0000000000044c74                ble_addr_get
 .text.ble_an_list_set
                0x0000000000044c88       0x10 /home/leonas/User/Lab/Do_an_tham_khao/Do_an/dwm1001_Tag/DWM1001-Real-Time-Localization-System/dwm-simple/../../lib/libdwm.a(ble-server.o)
                0x0000000000044c88                ble_an_list_set
 .text.ble_mac_cl_info_set
                0x0000000000044c98       0x10 /home/leonas/User/Lab/Do_an_tham_khao/Do_an/dwm1001_Tag/DWM1001-Real-Time-Localization-System/dwm-simple/../../lib/libdwm.a(ble-server.o)
                0x0000000000044c98                ble_mac_cl_info_set
 .text.ble_mac_stat_set
                0x0000000000044ca8       0x10 /home/leonas/User/Lab/Do_an_tham_khao/Do_an/dwm1001_Tag/DWM1001-Real-Time-Localization-System/dwm-simple/../../lib/libdwm.a(ble-server.o)
                0x0000000000044ca8                ble_mac_stat_set
 .text.ble_proxy_set
                0x0000000000044cb8       0x14 /home/leonas/User/Lab/Do_an_tham_khao/Do_an/dwm1001_Tag/DWM1001-Real-Time-Localization-System/dwm-simple/../../lib/libdwm.a(ble-server.o)
                0x0000000000044cb8                ble_proxy_set
 .text.ble_sys_info
                0x0000000000044ccc       0x10 /home/leonas/User/Lab/Do_an_tham_khao/Do_an/dwm1001_Tag/DWM1001-Real-Time-Localization-System/dwm-simple/../../lib/libdwm.a(ble-server.o)
                0x0000000000044ccc                ble_sys_info
 *fill*         0x0000000000044cdc        0x4 
 .text.dw_usec_to_devt
                0x0000000000044ce0       0x20 /home/leonas/User/Lab/Do_an_tham_khao/Do_an/dwm1001_Tag/DWM1001-Real-Time-Localization-System/dwm-simple/../../lib/libdwm.a(dw1000.o)
                0x0000000000044ce0                dw_usec_to_devt
 .text.dw_read_sys_time
                0x0000000000044d00       0x40 /home/leonas/User/Lab/Do_an_tham_khao/Do_an/dwm1001_Tag/DWM1001-Real-Time-Localization-System/dwm-simple/../../lib/libdwm.a(dw1000.o)
                0x0000000000044d00                dw_read_sys_time
 .text.dw_rand  0x0000000000044d40       0x18 /home/leonas/User/Lab/Do_an_tham_khao/Do_an/dwm1001_Tag/DWM1001-Real-Time-Localization-System/dwm-simple/../../lib/libdwm.a(dw1000.o)
                0x0000000000044d40                dw_rand
 .text.dw_near_timeout
                0x0000000000044d58       0x50 /home/leonas/User/Lab/Do_an_tham_khao/Do_an/dwm1001_Tag/DWM1001-Real-Time-Localization-System/dwm-simple/../../lib/libdwm.a(dw1000.o)
                0x0000000000044d58                dw_near_timeout
 .text.dw_tx_reset
                0x0000000000044da8       0x3a /home/leonas/User/Lab/Do_an_tham_khao/Do_an/dwm1001_Tag/DWM1001-Real-Time-Localization-System/dwm-simple/../../lib/libdwm.a(dw1000.o)
                0x0000000000044da8                dw_tx_reset
 .text.dw_buf_write
                0x0000000000044de2       0xd4 /home/leonas/User/Lab/Do_an_tham_khao/Do_an/dwm1001_Tag/DWM1001-Real-Time-Localization-System/dwm-simple/../../lib/libdwm.a(dw1000.o)
                0x0000000000044de2                dw_buf_write
 .text.dw_buf_start
                0x0000000000044eb6       0x90 /home/leonas/User/Lab/Do_an_tham_khao/Do_an/dwm1001_Tag/DWM1001-Real-Time-Localization-System/dwm-simple/../../lib/libdwm.a(dw1000.o)
                0x0000000000044eb6                dw_buf_start
 .text.dw_buf_await_send
                0x0000000000044f46       0x54 /home/leonas/User/Lab/Do_an_tham_khao/Do_an/dwm1001_Tag/DWM1001-Real-Time-Localization-System/dwm-simple/../../lib/libdwm.a(dw1000.o)
                0x0000000000044f46                dw_buf_await_send
 .text.dw_buf_send
                0x0000000000044f9a       0x1e /home/leonas/User/Lab/Do_an_tham_khao/Do_an/dwm1001_Tag/DWM1001-Real-Time-Localization-System/dwm-simple/../../lib/libdwm.a(dw1000.o)
                0x0000000000044f9a                dw_buf_send
 .text.dw_rx_on
                0x0000000000044fb8       0x20 /home/leonas/User/Lab/Do_an_tham_khao/Do_an/dwm1001_Tag/DWM1001-Real-Time-Localization-System/dwm-simple/../../lib/libdwm.a(dw1000.o)
                0x0000000000044fb8                dw_rx_on
 .text.dw_rxto_on
                0x0000000000044fd8       0x40 /home/leonas/User/Lab/Do_an_tham_khao/Do_an/dwm1001_Tag/DWM1001-Real-Time-Localization-System/dwm-simple/../../lib/libdwm.a(dw1000.o)
                0x0000000000044fd8                dw_rxto_on
 .text.dw_get_preamble_len
                0x0000000000045018       0x18 /home/leonas/User/Lab/Do_an_tham_khao/Do_an/dwm1001_Tag/DWM1001-Real-Time-Localization-System/dwm-simple/../../lib/libdwm.a(dw1000.o)
                0x0000000000045018                dw_get_preamble_len
 .text.dw_get_frame_len
                0x0000000000045030      0x124 /home/leonas/User/Lab/Do_an_tham_khao/Do_an/dwm1001_Tag/DWM1001-Real-Time-Localization-System/dwm-simple/../../lib/libdwm.a(dw1000.o)
                0x0000000000045030                dw_get_frame_len
 *fill*         0x0000000000045154        0x4 
 .text.dw_get_qf
                0x0000000000045158      0x16c /home/leonas/User/Lab/Do_an_tham_khao/Do_an/dwm1001_Tag/DWM1001-Real-Time-Localization-System/dwm-simple/../../lib/libdwm.a(dw1000.o)
                0x0000000000045158                dw_get_qf
 *fill*         0x00000000000452c4        0x4 
 .text.dw_get_rssi
                0x00000000000452c8       0xb8 /home/leonas/User/Lab/Do_an_tham_khao/Do_an/dwm1001_Tag/DWM1001-Real-Time-Localization-System/dwm-simple/../../lib/libdwm.a(dw1000.o)
                0x00000000000452c8                dw_get_rssi
 .text.dw_set_ch_cfg
                0x0000000000045380        0xa /home/leonas/User/Lab/Do_an_tham_khao/Do_an/dwm1001_Tag/DWM1001-Real-Time-Localization-System/dwm-simple/../../lib/libdwm.a(dw1000.o)
                0x0000000000045380                dw_set_ch_cfg
 .text.dw_set_tx_cfg
                0x000000000004538a       0x1a /home/leonas/User/Lab/Do_an_tham_khao/Do_an/dwm1001_Tag/DWM1001-Real-Time-Localization-System/dwm-simple/../../lib/libdwm.a(dw1000.o)
                0x000000000004538a                dw_set_tx_cfg
 .text.dw_set_ant_tx_delay
                0x00000000000453a4        0x8 /home/leonas/User/Lab/Do_an_tham_khao/Do_an/dwm1001_Tag/DWM1001-Real-Time-Localization-System/dwm-simple/../../lib/libdwm.a(dw1000.o)
                0x00000000000453a4                dw_set_ant_tx_delay
 .text.dw_get_temp
                0x00000000000453ac       0x36 /home/leonas/User/Lab/Do_an_tham_khao/Do_an/dwm1001_Tag/DWM1001-Real-Time-Localization-System/dwm-simple/../../lib/libdwm.a(dw1000.o)
                0x00000000000453ac                dw_get_temp
 .text.dw_rsl_workaround
                0x00000000000453e2       0x1c /home/leonas/User/Lab/Do_an_tham_khao/Do_an/dwm1001_Tag/DWM1001-Real-Time-Localization-System/dwm-simple/../../lib/libdwm.a(dw1000.o)
                0x00000000000453e2                dw_rsl_workaround
 *fill*         0x00000000000453fe        0x2 
 .text.dw_bw_txpwr_comp
                0x0000000000045400      0x1f8 /home/leonas/User/Lab/Do_an_tham_khao/Do_an/dwm1001_Tag/DWM1001-Real-Time-Localization-System/dwm-simple/../../lib/libdwm.a(dw1000.o)
                0x0000000000045400                dw_bw_txpwr_comp
 .text.dw_tx_cb
                0x00000000000455f8       0x7c /home/leonas/User/Lab/Do_an_tham_khao/Do_an/dwm1001_Tag/DWM1001-Real-Time-Localization-System/dwm-simple/../../lib/libdwm.a(dw1000.o)
                0x00000000000455f8                dw_tx_cb
 .text.dw_rx_cb
                0x0000000000045674      0x18a /home/leonas/User/Lab/Do_an_tham_khao/Do_an/dwm1001_Tag/DWM1001-Real-Time-Localization-System/dwm-simple/../../lib/libdwm.a(dw1000.o)
                0x0000000000045674                dw_rx_cb
 .text.dw_sleep
                0x00000000000457fe       0x54 /home/leonas/User/Lab/Do_an_tham_khao/Do_an/dwm1001_Tag/DWM1001-Real-Time-Localization-System/dwm-simple/../../lib/libdwm.a(dw1000.o)
                0x00000000000457fe                dw_sleep
 .text.dw_rxdata_read
                0x0000000000045852       0x10 /home/leonas/User/Lab/Do_an_tham_khao/Do_an/dwm1001_Tag/DWM1001-Real-Time-Localization-System/dwm-simple/../../lib/libdwm.a(dw1000.o)
                0x0000000000045852                dw_rxdata_read
 *fill*         0x0000000000045862        0x2 
 .text.dw_init  0x0000000000045864       0xac /home/leonas/User/Lab/Do_an_tham_khao/Do_an/dwm1001_Tag/DWM1001-Real-Time-Localization-System/dwm-simple/../../lib/libdwm.a(dw1000.o)
                0x0000000000045864                dw_init
 .text.dw_set_src_addr
                0x0000000000045910       0x7a /home/leonas/User/Lab/Do_an_tham_khao/Do_an/dwm1001_Tag/DWM1001-Real-Time-Localization-System/dwm-simple/../../lib/libdwm.a(dw1000.o)
                0x0000000000045910                dw_set_src_addr
 .text.dw_get_src_addr
                0x000000000004598a        0xc /home/leonas/User/Lab/Do_an_tham_khao/Do_an/dwm1001_Tag/DWM1001-Real-Time-Localization-System/dwm-simple/../../lib/libdwm.a(dw1000.o)
                0x000000000004598a                dw_get_src_addr
 .text.dw_get_event
                0x0000000000045996       0x70 /home/leonas/User/Lab/Do_an_tham_khao/Do_an/dwm1001_Tag/DWM1001-Real-Time-Localization-System/dwm-simple/../../lib/libdwm.a(dw1000.o)
                0x0000000000045996                dw_get_event
 *fill*         0x0000000000045a06        0x2 
 .text.uwb_get_if
                0x0000000000045a08       0x10 /home/leonas/User/Lab/Do_an_tham_khao/Do_an/dwm1001_Tag/DWM1001-Real-Time-Localization-System/dwm-simple/../../lib/libdwm.a(dw1000.o)
                0x0000000000045a08                uwb_get_if
 .text.dw1000_init
                0x0000000000045a18       0xd8 /home/leonas/User/Lab/Do_an_tham_khao/Do_an/dwm1001_Tag/DWM1001-Real-Time-Localization-System/dwm-simple/../../lib/libdwm.a(dw1000.o)
                0x0000000000045a18                dw1000_init
 .text.dw_dump_cfg
                0x0000000000045af0      0x278 /home/leonas/User/Lab/Do_an_tham_khao/Do_an/dwm1001_Tag/DWM1001-Real-Time-Localization-System/dwm-simple/../../lib/libdwm.a(dw1000.o)
                0x0000000000045af0                dw_dump_cfg
 .text.uwb_sys_info
                0x0000000000045d68      0x100 /home/leonas/User/Lab/Do_an_tham_khao/Do_an/dwm1001_Tag/DWM1001-Real-Time-Localization-System/dwm-simple/../../lib/libdwm.a(dw1000.o)
                0x0000000000045d68                uwb_sys_info
 .text.fact     0x0000000000045e68       0x12 /home/leonas/User/Lab/Do_an_tham_khao/Do_an/dwm1001_Tag/DWM1001-Real-Time-Localization-System/dwm-simple/../../lib/libdwm.a(dwm-math.o)
                0x0000000000045e68                fact
 *fill*         0x0000000000045e7a        0x2 
 .text.flog10   0x0000000000045e7c       0x28 /home/leonas/User/Lab/Do_an_tham_khao/Do_an/dwm1001_Tag/DWM1001-Real-Time-Localization-System/dwm-simple/../../lib/libdwm.a(dwm-math.o)
                0x0000000000045e7c                flog10
 .text.get_dist
                0x0000000000045ea4       0xc4 /home/leonas/User/Lab/Do_an_tham_khao/Do_an/dwm1001_Tag/DWM1001-Real-Time-Localization-System/dwm-simple/../../lib/libdwm.a(dwm-math.o)
                0x0000000000045ea4                get_dist
 .text.dwm_thread_create
                0x0000000000045f68       0x20 /home/leonas/User/Lab/Do_an_tham_khao/Do_an/dwm1001_Tag/DWM1001-Real-Time-Localization-System/dwm-simple/../../lib/libdwm.a(dwm.o)
                0x0000000000045f68                dwm_thread_create
 .text.dwm_thread_resume
                0x0000000000045f88       0x10 /home/leonas/User/Lab/Do_an_tham_khao/Do_an/dwm1001_Tag/DWM1001-Real-Time-Localization-System/dwm-simple/../../lib/libdwm.a(dwm.o)
                0x0000000000045f88                dwm_thread_resume
 .text.dwm_ver_get
                0x0000000000045f98       0x4a /home/leonas/User/Lab/Do_an_tham_khao/Do_an/dwm1001_Tag/DWM1001-Real-Time-Localization-System/dwm-simple/../../lib/libdwm.a(dwm.o)
                0x0000000000045f98                dwm_ver_get
 .text.dwm_cfg_anchor_set
                0x0000000000045fe2       0x52 /home/leonas/User/Lab/Do_an_tham_khao/Do_an/dwm1001_Tag/DWM1001-Real-Time-Localization-System/dwm-simple/../../lib/libdwm.a(dwm.o)
                0x0000000000045fe2                dwm_cfg_anchor_set
 .text.dwm_cfg_tag_set
                0x0000000000046034       0x66 /home/leonas/User/Lab/Do_an_tham_khao/Do_an/dwm1001_Tag/DWM1001-Real-Time-Localization-System/dwm-simple/../../lib/libdwm.a(dwm.o)
                0x0000000000046034                dwm_cfg_tag_set
 .text.dwm_cfg_get
                0x000000000004609a       0x72 /home/leonas/User/Lab/Do_an_tham_khao/Do_an/dwm1001_Tag/DWM1001-Real-Time-Localization-System/dwm-simple/../../lib/libdwm.a(dwm.o)
                0x000000000004609a                dwm_cfg_get
 .text.dwm_pos_set
                0x000000000004610c       0x2e /home/leonas/User/Lab/Do_an_tham_khao/Do_an/dwm1001_Tag/DWM1001-Real-Time-Localization-System/dwm-simple/../../lib/libdwm.a(dwm.o)
                0x000000000004610c                dwm_pos_set
 .text.dwm_pos_get
                0x000000000004613a       0x36 /home/leonas/User/Lab/Do_an_tham_khao/Do_an/dwm1001_Tag/DWM1001-Real-Time-Localization-System/dwm-simple/../../lib/libdwm.a(dwm.o)
                0x000000000004613a                dwm_pos_get
 .text.dwm_loc_get
                0x0000000000046170       0xee /home/leonas/User/Lab/Do_an_tham_khao/Do_an/dwm1001_Tag/DWM1001-Real-Time-Localization-System/dwm-simple/../../lib/libdwm.a(dwm.o)
                0x0000000000046170                dwm_loc_get
 .text.dwm_anchor_list_get
                0x000000000004625e       0xb4 /home/leonas/User/Lab/Do_an_tham_khao/Do_an/dwm1001_Tag/DWM1001-Real-Time-Localization-System/dwm-simple/../../lib/libdwm.a(dwm.o)
                0x000000000004625e                dwm_anchor_list_get
 .text.dwm_upd_rate_set
                0x0000000000046312       0x20 /home/leonas/User/Lab/Do_an_tham_khao/Do_an/dwm1001_Tag/DWM1001-Real-Time-Localization-System/dwm-simple/../../lib/libdwm.a(dwm.o)
                0x0000000000046312                dwm_upd_rate_set
 .text.dwm_upd_rate_get
                0x0000000000046332       0x34 /home/leonas/User/Lab/Do_an_tham_khao/Do_an/dwm1001_Tag/DWM1001-Real-Time-Localization-System/dwm-simple/../../lib/libdwm.a(dwm.o)
                0x0000000000046332                dwm_upd_rate_get
 .text.dwm_panid_set
                0x0000000000046366       0x22 /home/leonas/User/Lab/Do_an_tham_khao/Do_an/dwm1001_Tag/DWM1001-Real-Time-Localization-System/dwm-simple/../../lib/libdwm.a(dwm.o)
                0x0000000000046366                dwm_panid_set
 .text.dwm_nvm_usr_data_get
                0x0000000000046388       0x2c /home/leonas/User/Lab/Do_an_tham_khao/Do_an/dwm1001_Tag/DWM1001-Real-Time-Localization-System/dwm-simple/../../lib/libdwm.a(dwm.o)
                0x0000000000046388                dwm_nvm_usr_data_get
 .text.dwm_nvm_usr_data_set
                0x00000000000463b4       0x22 /home/leonas/User/Lab/Do_an_tham_khao/Do_an/dwm1001_Tag/DWM1001-Real-Time-Localization-System/dwm-simple/../../lib/libdwm.a(dwm.o)
                0x00000000000463b4                dwm_nvm_usr_data_set
 .text.dwm_le_compile
                0x00000000000463d6        0x4 /home/leonas/User/Lab/Do_an_tham_khao/Do_an/dwm1001_Tag/DWM1001-Real-Time-Localization-System/dwm-simple/../../lib/libdwm.a(dwm.o)
                0x00000000000463d6                dwm_le_compile
 .text.dwm_serial_spi_compile
                0x00000000000463da        0x4 /home/leonas/User/Lab/Do_an_tham_khao/Do_an/dwm1001_Tag/DWM1001-Real-Time-Localization-System/dwm-simple/../../lib/libdwm.a(dwm.o)
                0x00000000000463da                dwm_serial_spi_compile
 .text.dwm_shell_compile
                0x00000000000463de        0x4 /home/leonas/User/Lab/Do_an_tham_khao/Do_an/dwm1001_Tag/DWM1001-Real-Time-Localization-System/dwm-simple/../../lib/libdwm.a(dwm.o)
                0x00000000000463de                dwm_shell_compile
 *fill*         0x00000000000463e2        0x2 
 .text.env_get_end
                0x00000000000463e4       0x28 /home/leonas/User/Lab/Do_an_tham_khao/Do_an/dwm1001_Tag/DWM1001-Real-Time-Localization-System/dwm-simple/../../lib/libdwm.a(env-tlv.o)
 .text.env_save
                0x000000000004640c       0x60 /home/leonas/User/Lab/Do_an_tham_khao/Do_an/dwm1001_Tag/DWM1001-Real-Time-Localization-System/dwm-simple/../../lib/libdwm.a(env-tlv.o)
                0x000000000004640c                env_save
 .text.env_load
                0x000000000004646c       0xe4 /home/leonas/User/Lab/Do_an_tham_khao/Do_an/dwm1001_Tag/DWM1001-Real-Time-Localization-System/dwm-simple/../../lib/libdwm.a(env-tlv.o)
                0x000000000004646c                env_load
 .text.env_clear
                0x0000000000046550       0x48 /home/leonas/User/Lab/Do_an_tham_khao/Do_an/dwm1001_Tag/DWM1001-Real-Time-Localization-System/dwm-simple/../../lib/libdwm.a(env-tlv.o)
                0x0000000000046550                env_clear
 .text.env_get  0x0000000000046598       0x30 /home/leonas/User/Lab/Do_an_tham_khao/Do_an/dwm1001_Tag/DWM1001-Real-Time-Localization-System/dwm-simple/../../lib/libdwm.a(env-tlv.o)
                0x0000000000046598                env_get
 .text.env_set  0x00000000000465c8       0xa8 /home/leonas/User/Lab/Do_an_tham_khao/Do_an/dwm1001_Tag/DWM1001-Real-Time-Localization-System/dwm-simple/../../lib/libdwm.a(env-tlv.o)
                0x00000000000465c8                env_set
 .text.fwup_reset
                0x0000000000046670        0x8 /home/leonas/User/Lab/Do_an_tham_khao/Do_an/dwm1001_Tag/DWM1001-Real-Time-Localization-System/dwm-simple/../../lib/libdwm.a(fwup.o)
                0x0000000000046670                fwup_reset
 .text.fwup_sndr_init
                0x0000000000046678       0x6a /home/leonas/User/Lab/Do_an_tham_khao/Do_an/dwm1001_Tag/DWM1001-Real-Time-Localization-System/dwm-simple/../../lib/libdwm.a(fwup.o)
                0x0000000000046678                fwup_sndr_init
 .text.fwup_rcvr_in_progress
                0x00000000000466e2       0x1a /home/leonas/User/Lab/Do_an_tham_khao/Do_an/dwm1001_Tag/DWM1001-Real-Time-Localization-System/dwm-simple/../../lib/libdwm.a(fwup.o)
                0x00000000000466e2                fwup_rcvr_in_progress
 .text.fwup_rcvr_stop
                0x00000000000466fc       0x16 /home/leonas/User/Lab/Do_an_tham_khao/Do_an/dwm1001_Tag/DWM1001-Real-Time-Localization-System/dwm-simple/../../lib/libdwm.a(fwup.o)
                0x00000000000466fc                fwup_rcvr_stop
 .text.fwup_rcvr_start
                0x0000000000046712       0x4c /home/leonas/User/Lab/Do_an_tham_khao/Do_an/dwm1001_Tag/DWM1001-Real-Time-Localization-System/dwm-simple/../../lib/libdwm.a(fwup.o)
                0x0000000000046712                fwup_rcvr_start
 .text.fwup_rcvr_rxbuf_space
                0x000000000004675e       0x12 /home/leonas/User/Lab/Do_an_tham_khao/Do_an/dwm1001_Tag/DWM1001-Real-Time-Localization-System/dwm-simple/../../lib/libdwm.a(fwup.o)
                0x000000000004675e                fwup_rcvr_rxbuf_space
 .text.fwup_rcvr_data_handler
                0x0000000000046770       0x60 /home/leonas/User/Lab/Do_an_tham_khao/Do_an/dwm1001_Tag/DWM1001-Real-Time-Localization-System/dwm-simple/../../lib/libdwm.a(fwup.o)
                0x0000000000046770                fwup_rcvr_data_handler
 .text.fwup_rcvr_data_write
                0x00000000000467d0      0x160 /home/leonas/User/Lab/Do_an_tham_khao/Do_an/dwm1001_Tag/DWM1001-Real-Time-Localization-System/dwm-simple/../../lib/libdwm.a(fwup.o)
                0x00000000000467d0                fwup_rcvr_data_write
 .text.fwup_rcvr_is_finished
                0x0000000000046930       0x36 /home/leonas/User/Lab/Do_an_tham_khao/Do_an/dwm1001_Tag/DWM1001-Real-Time-Localization-System/dwm-simple/../../lib/libdwm.a(fwup.o)
                0x0000000000046930                fwup_rcvr_is_finished
 .text.nrf_gpio_pins_toggle
                0x0000000000046966       0x18 /home/leonas/User/Lab/Do_an_tham_khao/Do_an/dwm1001_Tag/DWM1001-Real-Time-Localization-System/dwm-simple/../../lib/libdwm.a(hal.o)
 .text.sd_rand_application_bytes_available_get
                0x000000000004697e        0x4 /home/leonas/User/Lab/Do_an_tham_khao/Do_an/dwm1001_Tag/DWM1001-Real-Time-Localization-System/dwm-simple/../../lib/libdwm.a(hal.o)
 .text.sd_rand_application_vector_get
                0x0000000000046982        0x4 /home/leonas/User/Lab/Do_an_tham_khao/Do_an/dwm1001_Tag/DWM1001-Real-Time-Localization-System/dwm-simple/../../lib/libdwm.a(hal.o)
 .text.sd_clock_hfclk_request
                0x0000000000046986        0x4 /home/leonas/User/Lab/Do_an_tham_khao/Do_an/dwm1001_Tag/DWM1001-Real-Time-Localization-System/dwm-simple/../../lib/libdwm.a(hal.o)
 .text.sd_clock_hfclk_release
                0x000000000004698a        0x4 /home/leonas/User/Lab/Do_an_tham_khao/Do_an/dwm1001_Tag/DWM1001-Real-Time-Localization-System/dwm-simple/../../lib/libdwm.a(hal.o)
 .text.sd_app_evt_wait
                0x000000000004698e        0x4 /home/leonas/User/Lab/Do_an_tham_khao/Do_an/dwm1001_Tag/DWM1001-Real-Time-Localization-System/dwm-simple/../../lib/libdwm.a(hal.o)
 .text.sd_ecb_block_encrypt
                0x0000000000046992        0x4 /home/leonas/User/Lab/Do_an_tham_khao/Do_an/dwm1001_Tag/DWM1001-Real-Time-Localization-System/dwm-simple/../../lib/libdwm.a(hal.o)
 .text.sd_temp_get
                0x0000000000046996        0x4 /home/leonas/User/Lab/Do_an_tham_khao/Do_an/dwm1001_Tag/DWM1001-Real-Time-Localization-System/dwm-simple/../../lib/libdwm.a(hal.o)
 .text._led_dummy
                0x000000000004699a        0x2 /home/leonas/User/Lab/Do_an_tham_khao/Do_an/dwm1001_Tag/DWM1001-Real-Time-Localization-System/dwm-simple/../../lib/libdwm.a(hal.o)
 .text._led_orange_on
                0x000000000004699c        0xe /home/leonas/User/Lab/Do_an_tham_khao/Do_an/dwm1001_Tag/DWM1001-Real-Time-Localization-System/dwm-simple/../../lib/libdwm.a(hal.o)
 .text._led_orange_off
                0x00000000000469aa        0xe /home/leonas/User/Lab/Do_an_tham_khao/Do_an/dwm1001_Tag/DWM1001-Real-Time-Localization-System/dwm-simple/../../lib/libdwm.a(hal.o)
 .text._led_orange_toggle
                0x00000000000469b8        0x8 /home/leonas/User/Lab/Do_an_tham_khao/Do_an/dwm1001_Tag/DWM1001-Real-Time-Localization-System/dwm-simple/../../lib/libdwm.a(hal.o)
 .text._led_red_on
                0x00000000000469c0        0xe /home/leonas/User/Lab/Do_an_tham_khao/Do_an/dwm1001_Tag/DWM1001-Real-Time-Localization-System/dwm-simple/../../lib/libdwm.a(hal.o)
 .text._led_red_off
                0x00000000000469ce        0xe /home/leonas/User/Lab/Do_an_tham_khao/Do_an/dwm1001_Tag/DWM1001-Real-Time-Localization-System/dwm-simple/../../lib/libdwm.a(hal.o)
 .text._led_red_toggle
                0x00000000000469dc        0x8 /home/leonas/User/Lab/Do_an_tham_khao/Do_an/dwm1001_Tag/DWM1001-Real-Time-Localization-System/dwm-simple/../../lib/libdwm.a(hal.o)
 .text._led_green_on
                0x00000000000469e4        0xe /home/leonas/User/Lab/Do_an_tham_khao/Do_an/dwm1001_Tag/DWM1001-Real-Time-Localization-System/dwm-simple/../../lib/libdwm.a(hal.o)
 .text._led_green_off
                0x00000000000469f2        0xe /home/leonas/User/Lab/Do_an_tham_khao/Do_an/dwm1001_Tag/DWM1001-Real-Time-Localization-System/dwm-simple/../../lib/libdwm.a(hal.o)
 .text._led_green_toggle
                0x0000000000046a00        0x8 /home/leonas/User/Lab/Do_an_tham_khao/Do_an/dwm1001_Tag/DWM1001-Real-Time-Localization-System/dwm-simple/../../lib/libdwm.a(hal.o)
 .text.wdt_handler
                0x0000000000046a08        0x2 /home/leonas/User/Lab/Do_an_tham_khao/Do_an/dwm1001_Tag/DWM1001-Real-Time-Localization-System/dwm-simple/../../lib/libdwm.a(hal.o)
 *fill*         0x0000000000046a0a        0x2 
 .text.hal_factory_reset
                0x0000000000046a0c       0x30 /home/leonas/User/Lab/Do_an_tham_khao/Do_an/dwm1001_Tag/DWM1001-Real-Time-Localization-System/dwm-simple/../../lib/libdwm.a(hal.o)
                0x0000000000046a0c                hal_factory_reset
 .text.is_user_app_pin
                0x0000000000046a3c       0x5c /home/leonas/User/Lab/Do_an_tham_khao/Do_an/dwm1001_Tag/DWM1001-Real-Time-Localization-System/dwm-simple/../../lib/libdwm.a(hal.o)
                0x0000000000046a3c                is_user_app_pin
 .text.hal_sd_enabled
                0x0000000000046a98        0x8 /home/leonas/User/Lab/Do_an_tham_khao/Do_an/dwm1001_Tag/DWM1001-Real-Time-Localization-System/dwm-simple/../../lib/libdwm.a(hal.o)
                0x0000000000046a98                hal_sd_enabled
 .text.hal_flash_erase
                0x0000000000046aa0       0x14 /home/leonas/User/Lab/Do_an_tham_khao/Do_an/dwm1001_Tag/DWM1001-Real-Time-Localization-System/dwm-simple/../../lib/libdwm.a(hal.o)
                0x0000000000046aa0                hal_flash_erase
 .text.hal_flash_write_page
                0x0000000000046ab4        0x6 /home/leonas/User/Lab/Do_an_tham_khao/Do_an/dwm1001_Tag/DWM1001-Real-Time-Localization-System/dwm-simple/../../lib/libdwm.a(hal.o)
                0x0000000000046ab4                hal_flash_write_page
 .text.hal_fw_get_chksum
                0x0000000000046aba       0x42 /home/leonas/User/Lab/Do_an_tham_khao/Do_an/dwm1001_Tag/DWM1001-Real-Time-Localization-System/dwm-simple/../../lib/libdwm.a(hal.o)
                0x0000000000046aba                hal_fw_get_chksum
 .text.hal_fw_is_compat
                0x0000000000046afc       0x10 /home/leonas/User/Lab/Do_an_tham_khao/Do_an/dwm1001_Tag/DWM1001-Real-Time-Localization-System/dwm-simple/../../lib/libdwm.a(hal.o)
                0x0000000000046afc                hal_fw_is_compat
 .text.hal_time_hfclk_start
                0x0000000000046b0c       0x1a /home/leonas/User/Lab/Do_an_tham_khao/Do_an/dwm1001_Tag/DWM1001-Real-Time-Localization-System/dwm-simple/../../lib/libdwm.a(hal.o)
                0x0000000000046b0c                hal_time_hfclk_start
 .text.hal_time_hfclk_stop
                0x0000000000046b26       0x1c /home/leonas/User/Lab/Do_an_tham_khao/Do_an/dwm1001_Tag/DWM1001-Real-Time-Localization-System/dwm-simple/../../lib/libdwm.a(hal.o)
                0x0000000000046b26                hal_time_hfclk_stop
 *fill*         0x0000000000046b42        0x2 
 .text.hal_wdt_app_init
                0x0000000000046b44       0x10 /home/leonas/User/Lab/Do_an_tham_khao/Do_an/dwm1001_Tag/DWM1001-Real-Time-Localization-System/dwm-simple/../../lib/libdwm.a(hal.o)
                0x0000000000046b44                hal_wdt_app_init
 .text.hal_wdt_app_reset
                0x0000000000046b54        0x4 /home/leonas/User/Lab/Do_an_tham_khao/Do_an/dwm1001_Tag/DWM1001-Real-Time-Localization-System/dwm-simple/../../lib/libdwm.a(hal.o)
                0x0000000000046b54                hal_wdt_app_reset
 .text.hal_temp_get
                0x0000000000046b58       0x80 /home/leonas/User/Lab/Do_an_tham_khao/Do_an/dwm1001_Tag/DWM1001-Real-Time-Localization-System/dwm-simple/../../lib/libdwm.a(hal.o)
                0x0000000000046b58                hal_temp_get
 .text.hal_sleep
                0x0000000000046bd8       0xe4 /home/leonas/User/Lab/Do_an_tham_khao/Do_an/dwm1001_Tag/DWM1001-Real-Time-Localization-System/dwm-simple/../../lib/libdwm.a(hal.o)
                0x0000000000046bd8                hal_sleep
 .text.hal_uptime
                0x0000000000046cbc       0x20 /home/leonas/User/Lab/Do_an_tham_khao/Do_an/dwm1001_Tag/DWM1001-Real-Time-Localization-System/dwm-simple/../../lib/libdwm.a(hal.o)
                0x0000000000046cbc                hal_uptime
 .text.hal_print_ps
                0x0000000000046cdc       0x80 /home/leonas/User/Lab/Do_an_tham_khao/Do_an/dwm1001_Tag/DWM1001-Real-Time-Localization-System/dwm-simple/../../lib/libdwm.a(hal.o)
                0x0000000000046cdc                hal_print_ps
 .text.hal_print_free
                0x0000000000046d5c       0x50 /home/leonas/User/Lab/Do_an_tham_khao/Do_an/dwm1001_Tag/DWM1001-Real-Time-Localization-System/dwm-simple/../../lib/libdwm.a(hal.o)
                0x0000000000046d5c                hal_print_free
 .text.hal_print_uptime
                0x0000000000046dac       0xbc /home/leonas/User/Lab/Do_an_tham_khao/Do_an/dwm1001_Tag/DWM1001-Real-Time-Localization-System/dwm-simple/../../lib/libdwm.a(hal.o)
                0x0000000000046dac                hal_print_uptime
 .text.hal_print_sys_info
                0x0000000000046e68      0x130 /home/leonas/User/Lab/Do_an_tham_khao/Do_an/dwm1001_Tag/DWM1001-Real-Time-Localization-System/dwm-simple/../../lib/libdwm.a(hal.o)
                0x0000000000046e68                hal_print_sys_info
 .text.hal_critical_region_enter
                0x0000000000046f98       0x58 /home/leonas/User/Lab/Do_an_tham_khao/Do_an/dwm1001_Tag/DWM1001-Real-Time-Localization-System/dwm-simple/../../lib/libdwm.a(hal.o)
                0x0000000000046f98                hal_critical_region_enter
 .text.hal_critical_region_exit
                0x0000000000046ff0       0x38 /home/leonas/User/Lab/Do_an_tham_khao/Do_an/dwm1001_Tag/DWM1001-Real-Time-Localization-System/dwm-simple/../../lib/libdwm.a(hal.o)
                0x0000000000046ff0                hal_critical_region_exit
 .text.leds_enable
                0x0000000000047028       0xbc /home/leonas/User/Lab/Do_an_tham_khao/Do_an/dwm1001_Tag/DWM1001-Real-Time-Localization-System/dwm-simple/../../lib/libdwm.a(hal.o)
                0x0000000000047028                leds_enable
 .text.leds_disable
                0x00000000000470e4       0x74 /home/leonas/User/Lab/Do_an_tham_khao/Do_an/dwm1001_Tag/DWM1001-Real-Time-Localization-System/dwm-simple/../../lib/libdwm.a(hal.o)
                0x00000000000470e4                leds_disable
 .text.hal_crypto_rng_get
                0x0000000000047158       0xa8 /home/leonas/User/Lab/Do_an_tham_khao/Do_an/dwm1001_Tag/DWM1001-Real-Time-Localization-System/dwm-simple/../../lib/libdwm.a(hal.o)
                0x0000000000047158                hal_crypto_rng_get
 .text.hal_crypto_set_key
                0x0000000000047200       0x60 /home/leonas/User/Lab/Do_an_tham_khao/Do_an/dwm1001_Tag/DWM1001-Real-Time-Localization-System/dwm-simple/../../lib/libdwm.a(hal.o)
                0x0000000000047200                hal_crypto_set_key
 .text.hal_crypto_mac_get
                0x0000000000047260      0x128 /home/leonas/User/Lab/Do_an_tham_khao/Do_an/dwm1001_Tag/DWM1001-Real-Time-Localization-System/dwm-simple/../../lib/libdwm.a(hal.o)
                0x0000000000047260                hal_crypto_mac_get
 .text.hal_crypto_crypt
                0x0000000000047388       0xc8 /home/leonas/User/Lab/Do_an_tham_khao/Do_an/dwm1001_Tag/DWM1001-Real-Time-Localization-System/dwm-simple/../../lib/libdwm.a(hal.o)
                0x0000000000047388                hal_crypto_crypt
 .text._read    0x0000000000047450        0x8 /home/leonas/User/Lab/Do_an_tham_khao/Do_an/dwm1001_Tag/DWM1001-Real-Time-Localization-System/dwm-simple/../../lib/libdwm.a(hal.o)
                0x0000000000047450                _read
 .text._write   0x0000000000047458       0x2a /home/leonas/User/Lab/Do_an_tham_khao/Do_an/dwm1001_Tag/DWM1001-Real-Time-Localization-System/dwm-simple/../../lib/libdwm.a(hal.o)
                0x0000000000047458                _write
 *fill*         0x0000000000047482        0x2 
 .text._sbrk    0x0000000000047484       0x2c /home/leonas/User/Lab/Do_an_tham_khao/Do_an/dwm1001_Tag/DWM1001-Real-Time-Localization-System/dwm-simple/../../lib/libdwm.a(hal.o)
                0x0000000000047484                _sbrk
 .text.rng_isr  0x00000000000474b0       0x14 /home/leonas/User/Lab/Do_an_tham_khao/Do_an/dwm1001_Tag/DWM1001-Real-Time-Localization-System/dwm-simple/../../lib/libdwm.a(nrf_drv_rng.o)
 .text.rng_start
                0x00000000000474c4       0x38 /home/leonas/User/Lab/Do_an_tham_khao/Do_an/dwm1001_Tag/DWM1001-Real-Time-Localization-System/dwm-simple/../../lib/libdwm.a(nrf_drv_rng.o)
 .text.nrf_drv_rng_init
                0x00000000000474fc       0x98 /home/leonas/User/Lab/Do_an_tham_khao/Do_an/dwm1001_Tag/DWM1001-Real-Time-Localization-System/dwm-simple/../../lib/libdwm.a(nrf_drv_rng.o)
                0x00000000000474fc                nrf_drv_rng_init
 .text.nrf_drv_rng_bytes_available
                0x0000000000047594       0x14 /home/leonas/User/Lab/Do_an_tham_khao/Do_an/dwm1001_Tag/DWM1001-Real-Time-Localization-System/dwm-simple/../../lib/libdwm.a(nrf_drv_rng.o)
                0x0000000000047594                nrf_drv_rng_bytes_available
 .text.nrf_drv_rng_rand
                0x00000000000475a8       0x3c /home/leonas/User/Lab/Do_an_tham_khao/Do_an/dwm1001_Tag/DWM1001-Real-Time-Localization-System/dwm-simple/../../lib/libdwm.a(nrf_drv_rng.o)
                0x00000000000475a8                nrf_drv_rng_rand
 .text.RNG_IRQHandler
                0x00000000000475e4       0x54 /home/leonas/User/Lab/Do_an_tham_khao/Do_an/dwm1001_Tag/DWM1001-Real-Time-Localization-System/dwm-simple/../../lib/libdwm.a(nrf_drv_rng.o)
                0x00000000000475e4                RNG_IRQHandler
 .text.rng_dsr  0x0000000000047638       0x10 /home/leonas/User/Lab/Do_an_tham_khao/Do_an/dwm1001_Tag/DWM1001-Real-Time-Localization-System/dwm-simple/../../lib/libdwm.a(nrf_drv_rng.o)
 .text.pm_can_sleep
                0x0000000000047648       0x44 /home/leonas/User/Lab/Do_an_tham_khao/Do_an/dwm1001_Tag/DWM1001-Real-Time-Localization-System/dwm-simple/../../lib/libdwm.a(pm.o)
                0x0000000000047648                pm_can_sleep
 .text.pm_task_get_next
                0x000000000004768c       0x54 /home/leonas/User/Lab/Do_an_tham_khao/Do_an/dwm1001_Tag/DWM1001-Real-Time-Localization-System/dwm-simple/../../lib/libdwm.a(pm.o)
                0x000000000004768c                pm_task_get_next
 .text.pm_sched_signal
                0x00000000000476e0        0xc /home/leonas/User/Lab/Do_an_tham_khao/Do_an/dwm1001_Tag/DWM1001-Real-Time-Localization-System/dwm-simple/../../lib/libdwm.a(pm.o)
                0x00000000000476e0                pm_sched_signal
 .text.pm_sched_wait
                0x00000000000476ec        0xc /home/leonas/User/Lab/Do_an_tham_khao/Do_an/dwm1001_Tag/DWM1001-Real-Time-Localization-System/dwm-simple/../../lib/libdwm.a(pm.o)
                0x00000000000476ec                pm_sched_wait
 .text.pm_task_lock
                0x00000000000476f8       0x26 /home/leonas/User/Lab/Do_an_tham_khao/Do_an/dwm1001_Tag/DWM1001-Real-Time-Localization-System/dwm-simple/../../lib/libdwm.a(pm.o)
                0x00000000000476f8                pm_task_lock
 .text.pm_task_unlock
                0x000000000004771e       0x2c /home/leonas/User/Lab/Do_an_tham_khao/Do_an/dwm1001_Tag/DWM1001-Real-Time-Localization-System/dwm-simple/../../lib/libdwm.a(pm.o)
                0x000000000004771e                pm_task_unlock
 *fill*         0x000000000004774a        0x2 
 .text.pm_task_unlock_set_alarm
                0x000000000004774c       0x98 /home/leonas/User/Lab/Do_an_tham_khao/Do_an/dwm1001_Tag/DWM1001-Real-Time-Localization-System/dwm-simple/../../lib/libdwm.a(pm.o)
                0x000000000004774c                pm_task_unlock_set_alarm
 .text.pm_task_wakeup
                0x00000000000477e4        0x4 /home/leonas/User/Lab/Do_an_tham_khao/Do_an/dwm1001_Tag/DWM1001-Real-Time-Localization-System/dwm-simple/../../lib/libdwm.a(pm.o)
                0x00000000000477e4                pm_task_wakeup
 .text.pm_task_alloc
                0x00000000000477e8       0x64 /home/leonas/User/Lab/Do_an_tham_khao/Do_an/dwm1001_Tag/DWM1001-Real-Time-Localization-System/dwm-simple/../../lib/libdwm.a(pm.o)
                0x00000000000477e8                pm_task_alloc
 .text.pm_task_free
                0x000000000004784c       0x58 /home/leonas/User/Lab/Do_an_tham_khao/Do_an/dwm1001_Tag/DWM1001-Real-Time-Localization-System/dwm-simple/../../lib/libdwm.a(pm.o)
                0x000000000004784c                pm_task_free
 .text.pm_init  0x00000000000478a4       0x54 /home/leonas/User/Lab/Do_an_tham_khao/Do_an/dwm1001_Tag/DWM1001-Real-Time-Localization-System/dwm-simple/../../lib/libdwm.a(pm.o)
                0x00000000000478a4                pm_init
 .text.pm_dump  0x00000000000478f8       0x84 /home/leonas/User/Lab/Do_an_tham_khao/Do_an/dwm1001_Tag/DWM1001-Real-Time-Localization-System/dwm-simple/../../lib/libdwm.a(pm.o)
                0x00000000000478f8                pm_dump
 .text.api_thread_start
                0x000000000004797c       0x10 /home/leonas/User/Lab/Do_an_tham_khao/Do_an/dwm1001_Tag/DWM1001-Real-Time-Localization-System/dwm-simple/../../lib/libdwm.a(process-api.o)
                0x000000000004797c                api_thread_start
 .text.api_thread_init
                0x000000000004798c       0x3c /home/leonas/User/Lab/Do_an_tham_khao/Do_an/dwm1001_Tag/DWM1001-Real-Time-Localization-System/dwm-simple/../../lib/libdwm.a(process-api.o)
                0x000000000004798c                api_thread_init
 .text.ble_init_ready
                0x00000000000479c8        0xc /home/leonas/User/Lab/Do_an_tham_khao/Do_an/dwm1001_Tag/DWM1001-Real-Time-Localization-System/dwm-simple/../../lib/libdwm.a(process-ble.o)
                0x00000000000479c8                ble_init_ready
 .text.le_print_disable
                0x00000000000479d4       0x10 /home/leonas/User/Lab/Do_an_tham_khao/Do_an/dwm1001_Tag/DWM1001-Real-Time-Localization-System/dwm-simple/../../lib/libdwm.a(process-le.o)
 .text.nole_thread_entry
                0x00000000000479e4      0x2a8 /home/leonas/User/Lab/Do_an_tham_khao/Do_an/dwm1001_Tag/DWM1001-Real-Time-Localization-System/dwm-simple/../../lib/libdwm.a(process-le.o)
 *fill*         0x0000000000047c8c        0x4 
 .text.le_thread_entry
                0x0000000000047c90      0x48c /home/leonas/User/Lab/Do_an_tham_khao/Do_an/dwm1001_Tag/DWM1001-Real-Time-Localization-System/dwm-simple/../../lib/libdwm.a(process-le.o)
 .text.le_post_loc_data
                0x000000000004811c       0x60 /home/leonas/User/Lab/Do_an_tham_khao/Do_an/dwm1001_Tag/DWM1001-Real-Time-Localization-System/dwm-simple/../../lib/libdwm.a(process-le.o)
                0x000000000004811c                le_post_loc_data
 .text.le_init  0x000000000004817c       0x7c /home/leonas/User/Lab/Do_an_tham_khao/Do_an/dwm1001_Tag/DWM1001-Real-Time-Localization-System/dwm-simple/../../lib/libdwm.a(process-le.o)
                0x000000000004817c                le_init
 .text.le_start
                0x00000000000481f8       0x18 /home/leonas/User/Lab/Do_an_tham_khao/Do_an/dwm1001_Tag/DWM1001-Real-Time-Localization-System/dwm-simple/../../lib/libdwm.a(process-le.o)
                0x00000000000481f8                le_start
 .text.le_post_meas
                0x0000000000048210       0x78 /home/leonas/User/Lab/Do_an_tham_khao/Do_an/dwm1001_Tag/DWM1001-Real-Time-Localization-System/dwm-simple/../../lib/libdwm.a(process-le.o)
                0x0000000000048210                le_post_meas
 .text.le_pos_get
                0x0000000000048288       0x64 /home/leonas/User/Lab/Do_an_tham_khao/Do_an/dwm1001_Tag/DWM1001-Real-Time-Localization-System/dwm-simple/../../lib/libdwm.a(process-le.o)
                0x0000000000048288                le_pos_get
 .text.le_loc_get
                0x00000000000482ec      0x104 /home/leonas/User/Lab/Do_an_tham_khao/Do_an/dwm1001_Tag/DWM1001-Real-Time-Localization-System/dwm-simple/../../lib/libdwm.a(process-le.o)
                0x00000000000482ec                le_loc_get
 .text.le_loc_print_toggle
                0x00000000000483f0       0x28 /home/leonas/User/Lab/Do_an_tham_khao/Do_an/dwm1001_Tag/DWM1001-Real-Time-Localization-System/dwm-simple/../../lib/libdwm.a(process-le.o)
                0x00000000000483f0                le_loc_print_toggle
 .text.le_loc_ts_print_toggle
                0x0000000000048418       0x24 /home/leonas/User/Lab/Do_an_tham_khao/Do_an/dwm1001_Tag/DWM1001-Real-Time-Localization-System/dwm-simple/../../lib/libdwm.a(process-le.o)
                0x0000000000048418                le_loc_ts_print_toggle
 .text.le_loc_csv_print_toggle
                0x000000000004843c       0x28 /home/leonas/User/Lab/Do_an_tham_khao/Do_an/dwm1001_Tag/DWM1001-Real-Time-Localization-System/dwm-simple/../../lib/libdwm.a(process-le.o)
                0x000000000004843c                le_loc_csv_print_toggle
 .text.le_loc_csv_ts_print_toggle
                0x0000000000048464       0x28 /home/leonas/User/Lab/Do_an_tham_khao/Do_an/dwm1001_Tag/DWM1001-Real-Time-Localization-System/dwm-simple/../../lib/libdwm.a(process-le.o)
                0x0000000000048464                le_loc_csv_ts_print_toggle
 .text.le_pos_csv_print_toggle
                0x000000000004848c       0x24 /home/leonas/User/Lab/Do_an_tham_khao/Do_an/dwm1001_Tag/DWM1001-Real-Time-Localization-System/dwm-simple/../../lib/libdwm.a(process-le.o)
                0x000000000004848c                le_pos_csv_print_toggle
 .text.le_compile
                0x00000000000484b0       0x18 /home/leonas/User/Lab/Do_an_tham_khao/Do_an/dwm1001_Tag/DWM1001-Real-Time-Localization-System/dwm-simple/../../lib/libdwm.a(process-le.o)
                0x00000000000484b0                le_compile
 .text.pm_thread_entry
                0x00000000000484c8       0x98 /home/leonas/User/Lab/Do_an_tham_khao/Do_an/dwm1001_Tag/DWM1001-Real-Time-Localization-System/dwm-simple/../../lib/libdwm.a(process-pm.o)
 .text.hal_pm_init
                0x0000000000048560       0x70 /home/leonas/User/Lab/Do_an_tham_khao/Do_an/dwm1001_Tag/DWM1001-Real-Time-Localization-System/dwm-simple/../../lib/libdwm.a(process-pm.o)
                0x0000000000048560                hal_pm_init
 .text.hal_pm_start
                0x00000000000485d0        0xc /home/leonas/User/Lab/Do_an_tham_khao/Do_an/dwm1001_Tag/DWM1001-Real-Time-Localization-System/dwm-simple/../../lib/libdwm.a(process-pm.o)
                0x00000000000485d0                hal_pm_start
 .text.uwb0_recover.part.0
                0x00000000000485dc       0x1c /home/leonas/User/Lab/Do_an_tham_khao/Do_an/dwm1001_Tag/DWM1001-Real-Time-Localization-System/dwm-simple/../../lib/libdwm.a(process-svc.o)
 .text.svc_thread_entry
                0x00000000000485f8      0x2b0 /home/leonas/User/Lab/Do_an_tham_khao/Do_an/dwm1001_Tag/DWM1001-Real-Time-Localization-System/dwm-simple/../../lib/libdwm.a(process-svc.o)
 .text.svc_init
                0x00000000000488a8       0x3c /home/leonas/User/Lab/Do_an_tham_khao/Do_an/dwm1001_Tag/DWM1001-Real-Time-Localization-System/dwm-simple/../../lib/libdwm.a(process-svc.o)
                0x00000000000488a8                svc_init
 .text.svc_start
                0x00000000000488e4        0xc /home/leonas/User/Lab/Do_an_tham_khao/Do_an/dwm1001_Tag/DWM1001-Real-Time-Localization-System/dwm-simple/../../lib/libdwm.a(process-svc.o)
                0x00000000000488e4                svc_start
 .text.svc_post_event
                0x00000000000488f0       0x64 /home/leonas/User/Lab/Do_an_tham_khao/Do_an/dwm1001_Tag/DWM1001-Real-Time-Localization-System/dwm-simple/../../lib/libdwm.a(process-svc.o)
                0x00000000000488f0                svc_post_event
 .text.svc_suspend
                0x0000000000048954       0x30 /home/leonas/User/Lab/Do_an_tham_khao/Do_an/dwm1001_Tag/DWM1001-Real-Time-Localization-System/dwm-simple/../../lib/libdwm.a(process-svc.o)
                0x0000000000048954                svc_suspend
 .text.svc_resume
                0x0000000000048984       0x28 /home/leonas/User/Lab/Do_an_tham_khao/Do_an/dwm1001_Tag/DWM1001-Real-Time-Localization-System/dwm-simple/../../lib/libdwm.a(process-svc.o)
                0x0000000000048984                svc_resume
 .text.uwbmac_wkr_thread_entry
                0x00000000000489ac       0x1c /home/leonas/User/Lab/Do_an_tham_khao/Do_an/dwm1001_Tag/DWM1001-Real-Time-Localization-System/dwm-simple/../../lib/libdwm.a(process-uwbmac.o)
 .text.uwbmac_thread_entry
                0x00000000000489c8      0x12c /home/leonas/User/Lab/Do_an_tham_khao/Do_an/dwm1001_Tag/DWM1001-Real-Time-Localization-System/dwm-simple/../../lib/libdwm.a(process-uwbmac.o)
 .text.uwbmac_init
                0x0000000000048af4       0x6c /home/leonas/User/Lab/Do_an_tham_khao/Do_an/dwm1001_Tag/DWM1001-Real-Time-Localization-System/dwm-simple/../../lib/libdwm.a(process-uwbmac.o)
                0x0000000000048af4                uwbmac_init
 .text.uwbmac_start
                0x0000000000048b60       0x18 /home/leonas/User/Lab/Do_an_tham_khao/Do_an/dwm1001_Tag/DWM1001-Real-Time-Localization-System/dwm-simple/../../lib/libdwm.a(process-uwbmac.o)
                0x0000000000048b60                uwbmac_start
 .text.dw_intr  0x0000000000048b78        0xc /home/leonas/User/Lab/Do_an_tham_khao/Do_an/dwm1001_Tag/DWM1001-Real-Time-Localization-System/dwm-simple/../../lib/libdwm.a(process-uwb.o)
                0x0000000000048b78                dw_intr
 .text.uwb_init_uwb0
                0x0000000000048b84      0x42c /home/leonas/User/Lab/Do_an_tham_khao/Do_an/dwm1001_Tag/DWM1001-Real-Time-Localization-System/dwm-simple/../../lib/libdwm.a(process-uwb.o)
                0x0000000000048b84                uwb_init_uwb0
 .text.uwb_thread_entry
                0x0000000000048fb0       0xac /home/leonas/User/Lab/Do_an_tham_khao/Do_an/dwm1001_Tag/DWM1001-Real-Time-Localization-System/dwm-simple/../../lib/libdwm.a(process-uwb.o)
 .text.uwb_init
                0x000000000004905c       0x3c /home/leonas/User/Lab/Do_an_tham_khao/Do_an/dwm1001_Tag/DWM1001-Real-Time-Localization-System/dwm-simple/../../lib/libdwm.a(process-uwb.o)
                0x000000000004905c                uwb_init
 .text.uwb_start
                0x0000000000049098        0xc /home/leonas/User/Lab/Do_an_tham_khao/Do_an/dwm1001_Tag/DWM1001-Real-Time-Localization-System/dwm-simple/../../lib/libdwm.a(process-uwb.o)
                0x0000000000049098                uwb_start
 .text.uwb_init_ready_await
                0x00000000000490a4       0x18 /home/leonas/User/Lab/Do_an_tham_khao/Do_an/dwm1001_Tag/DWM1001-Real-Time-Localization-System/dwm-simple/../../lib/libdwm.a(process-uwb.o)
                0x00000000000490a4                uwb_init_ready_await
 .text.uart_timeout_handler
                0x00000000000490bc       0x10 /home/leonas/User/Lab/Do_an_tham_khao/Do_an/dwm1001_Tag/DWM1001-Real-Time-Localization-System/dwm-simple/../../lib/libdwm.a(serial.o)
 .text.uart_init
                0x00000000000490cc       0x10 /home/leonas/User/Lab/Do_an_tham_khao/Do_an/dwm1001_Tag/DWM1001-Real-Time-Localization-System/dwm-simple/../../lib/libdwm.a(serial.o)
 .text.spis_gpio_set
                0x00000000000490dc       0x20 /home/leonas/User/Lab/Do_an_tham_khao/Do_an/dwm1001_Tag/DWM1001-Real-Time-Localization-System/dwm-simple/../../lib/libdwm.a(serial.o)
 .text.spis_init
                0x00000000000490fc       0x10 /home/leonas/User/Lab/Do_an_tham_khao/Do_an/dwm1001_Tag/DWM1001-Real-Time-Localization-System/dwm-simple/../../lib/libdwm.a(serial.o)
 .text.pm_serial_suspend
                0x000000000004910c       0x58 /home/leonas/User/Lab/Do_an_tham_khao/Do_an/dwm1001_Tag/DWM1001-Real-Time-Localization-System/dwm-simple/../../lib/libdwm.a(serial.o)
 .text.gpio_wakeup_intr
                0x0000000000049164        0xc /home/leonas/User/Lab/Do_an_tham_khao/Do_an/dwm1001_Tag/DWM1001-Real-Time-Localization-System/dwm-simple/../../lib/libdwm.a(serial.o)
 .text._serial_status_change_ntfy
                0x0000000000049170       0x3c /home/leonas/User/Lab/Do_an_tham_khao/Do_an/dwm1001_Tag/DWM1001-Real-Time-Localization-System/dwm-simple/../../lib/libdwm.a(serial.o)
 .text._serial_start
                0x00000000000491ac       0x1c /home/leonas/User/Lab/Do_an_tham_khao/Do_an/dwm1001_Tag/DWM1001-Real-Time-Localization-System/dwm-simple/../../lib/libdwm.a(serial.o)
 .text._on_spis_evt
                0x00000000000491c8       0x78 /home/leonas/User/Lab/Do_an_tham_khao/Do_an/dwm1001_Tag/DWM1001-Real-Time-Localization-System/dwm-simple/../../lib/libdwm.a(serial.o)
 .text.spis_api_cb
                0x0000000000049240       0x60 /home/leonas/User/Lab/Do_an_tham_khao/Do_an/dwm1001_Tag/DWM1001-Real-Time-Localization-System/dwm-simple/../../lib/libdwm.a(serial.o)
 .text._spis_init
                0x00000000000492a0       0x2c /home/leonas/User/Lab/Do_an_tham_khao/Do_an/dwm1001_Tag/DWM1001-Real-Time-Localization-System/dwm-simple/../../lib/libdwm.a(serial.o)
 .text._serial_sleep
                0x00000000000492cc       0x1c /home/leonas/User/Lab/Do_an_tham_khao/Do_an/dwm1001_Tag/DWM1001-Real-Time-Localization-System/dwm-simple/../../lib/libdwm.a(serial.o)
 .text.spis_event_handler
                0x00000000000492e8      0x1d0 /home/leonas/User/Lab/Do_an_tham_khao/Do_an/dwm1001_Tag/DWM1001-Real-Time-Localization-System/dwm-simple/../../lib/libdwm.a(serial.o)
 .text.serial_sleep
                0x00000000000494b8       0x10 /home/leonas/User/Lab/Do_an_tham_khao/Do_an/dwm1001_Tag/DWM1001-Real-Time-Localization-System/dwm-simple/../../lib/libdwm.a(serial.o)
                0x00000000000494b8                serial_sleep
 .text.serial_uart_reinit
                0x00000000000494c8       0x10 /home/leonas/User/Lab/Do_an_tham_khao/Do_an/dwm1001_Tag/DWM1001-Real-Time-Localization-System/dwm-simple/../../lib/libdwm.a(serial.o)
                0x00000000000494c8                serial_uart_reinit
 .text.serial_status_change_ntfy
                0x00000000000494d8       0x10 /home/leonas/User/Lab/Do_an_tham_khao/Do_an/dwm1001_Tag/DWM1001-Real-Time-Localization-System/dwm-simple/../../lib/libdwm.a(serial.o)
                0x00000000000494d8                serial_status_change_ntfy
 .text.serial_thread_entry
                0x00000000000494e8      0x168 /home/leonas/User/Lab/Do_an_tham_khao/Do_an/dwm1001_Tag/DWM1001-Real-Time-Localization-System/dwm-simple/../../lib/libdwm.a(serial.o)
                0x00000000000494e8                serial_thread_entry
 .text.serial_start
                0x0000000000049650       0x10 /home/leonas/User/Lab/Do_an_tham_khao/Do_an/dwm1001_Tag/DWM1001-Real-Time-Localization-System/dwm-simple/../../lib/libdwm.a(serial.o)
                0x0000000000049650                serial_start
 .text.serial_compile_spi
                0x0000000000049660       0x58 /home/leonas/User/Lab/Do_an_tham_khao/Do_an/dwm1001_Tag/DWM1001-Real-Time-Localization-System/dwm-simple/../../lib/libdwm.a(serial.o)
                0x0000000000049660                serial_compile_spi
 .text.serial_is_uart_compiled
                0x00000000000496b8        0xc /home/leonas/User/Lab/Do_an_tham_khao/Do_an/dwm1001_Tag/DWM1001-Real-Time-Localization-System/dwm-simple/../../lib/libdwm.a(serial.o)
                0x00000000000496b8                serial_is_uart_compiled
 .text.serial_is_compiled
                0x00000000000496c4        0xc /home/leonas/User/Lab/Do_an_tham_khao/Do_an/dwm1001_Tag/DWM1001-Real-Time-Localization-System/dwm-simple/../../lib/libdwm.a(serial.o)
                0x00000000000496c4                serial_is_compiled
 .text.cmd_enc_key_clear
                0x00000000000496d0       0x34 /home/leonas/User/Lab/Do_an_tham_khao/Do_an/dwm1001_Tag/DWM1001-Real-Time-Localization-System/dwm-simple/../../lib/libdwm.a(shell-api.o)
                0x00000000000496d0                cmd_enc_key_clear
 .text.cmd_nvm_usr_data_clear
                0x0000000000049704       0x38 /home/leonas/User/Lab/Do_an_tham_khao/Do_an/dwm1001_Tag/DWM1001-Real-Time-Localization-System/dwm-simple/../../lib/libdwm.a(shell-api.o)
 .text.cmd_nvm_usr_data_set
                0x000000000004973c       0xb8 /home/leonas/User/Lab/Do_an_tham_khao/Do_an/dwm1001_Tag/DWM1001-Real-Time-Localization-System/dwm-simple/../../lib/libdwm.a(shell-api.o)
 .text.cmd_tlv  0x00000000000497f4       0xb0 /home/leonas/User/Lab/Do_an_tham_khao/Do_an/dwm1001_Tag/DWM1001-Real-Time-Localization-System/dwm-simple/../../lib/libdwm.a(shell-api.o)
 .text.api_cb   0x00000000000498a4       0x44 /home/leonas/User/Lab/Do_an_tham_khao/Do_an/dwm1001_Tag/DWM1001-Real-Time-Localization-System/dwm-simple/../../lib/libdwm.a(shell-api.o)
 .text.cmd_enc_key_set
                0x00000000000498e8       0x94 /home/leonas/User/Lab/Do_an_tham_khao/Do_an/dwm1001_Tag/DWM1001-Real-Time-Localization-System/dwm-simple/../../lib/libdwm.a(shell-api.o)
                0x00000000000498e8                cmd_enc_key_set
 .text.cmd_nvm_usr_data_get
                0x000000000004997c       0x64 /home/leonas/User/Lab/Do_an_tham_khao/Do_an/dwm1001_Tag/DWM1001-Real-Time-Localization-System/dwm-simple/../../lib/libdwm.a(shell-api.o)
 .text.cmd_cfg_tn_set
                0x00000000000499e0      0x120 /home/leonas/User/Lab/Do_an_tham_khao/Do_an/dwm1001_Tag/DWM1001-Real-Time-Localization-System/dwm-simple/../../lib/libdwm.a(shell-api.o)
 .text.cmd_cfg_an_set
                0x0000000000049b00       0xf4 /home/leonas/User/Lab/Do_an_tham_khao/Do_an/dwm1001_Tag/DWM1001-Real-Time-Localization-System/dwm-simple/../../lib/libdwm.a(shell-api.o)
 .text.cmd_pos_set
                0x0000000000049bf4       0x88 /home/leonas/User/Lab/Do_an_tham_khao/Do_an/dwm1001_Tag/DWM1001-Real-Time-Localization-System/dwm-simple/../../lib/libdwm.a(shell-api.o)
 .text.cmd_pos_get
                0x0000000000049c7c       0x48 /home/leonas/User/Lab/Do_an_tham_khao/Do_an/dwm1001_Tag/DWM1001-Real-Time-Localization-System/dwm-simple/../../lib/libdwm.a(shell-api.o)
 .text.cmd_ur_get
                0x0000000000049cc4       0x4c /home/leonas/User/Lab/Do_an_tham_khao/Do_an/dwm1001_Tag/DWM1001-Real-Time-Localization-System/dwm-simple/../../lib/libdwm.a(shell-api.o)
 .text.cmd_ur_set
                0x0000000000049d10       0x7c /home/leonas/User/Lab/Do_an_tham_khao/Do_an/dwm1001_Tag/DWM1001-Real-Time-Localization-System/dwm-simple/../../lib/libdwm.a(shell-api.o)
 .text.cmd_le_show_loc
                0x0000000000049d8c       0x2c /home/leonas/User/Lab/Do_an_tham_khao/Do_an/dwm1001_Tag/DWM1001-Real-Time-Localization-System/dwm-simple/../../lib/libdwm.a(shell-le.o)
                0x0000000000049d8c                cmd_le_show_loc
 .text.cmd_le_show_loc_csv
                0x0000000000049db8       0x2c /home/leonas/User/Lab/Do_an_tham_khao/Do_an/dwm1001_Tag/DWM1001-Real-Time-Localization-System/dwm-simple/../../lib/libdwm.a(shell-le.o)
                0x0000000000049db8                cmd_le_show_loc_csv
 .text.cmd_le_show_pos_csv
                0x0000000000049de4        0x4 /home/leonas/User/Lab/Do_an_tham_khao/Do_an/dwm1001_Tag/DWM1001-Real-Time-Localization-System/dwm-simple/../../lib/libdwm.a(shell-le.o)
                0x0000000000049de4                cmd_le_show_pos_csv
 .text._shell_stop
                0x0000000000049de8        0xc /home/leonas/User/Lab/Do_an_tham_khao/Do_an/dwm1001_Tag/DWM1001-Real-Time-Localization-System/dwm-simple/../../lib/libdwm.a(shell.o)
 .text._shell_add_cmds
                0x0000000000049df4       0x24 /home/leonas/User/Lab/Do_an_tham_khao/Do_an/dwm1001_Tag/DWM1001-Real-Time-Localization-System/dwm-simple/../../lib/libdwm.a(shell.o)
 .text._get_argc
                0x0000000000049e18       0x1c /home/leonas/User/Lab/Do_an_tham_khao/Do_an/dwm1001_Tag/DWM1001-Real-Time-Localization-System/dwm-simple/../../lib/libdwm.a(shell.o)
 .text._shell_get_arg
                0x0000000000049e34       0x14 /home/leonas/User/Lab/Do_an_tham_khao/Do_an/dwm1001_Tag/DWM1001-Real-Time-Localization-System/dwm-simple/../../lib/libdwm.a(shell.o)
 .text._shell_set_init_print
                0x0000000000049e48        0xc /home/leonas/User/Lab/Do_an_tham_khao/Do_an/dwm1001_Tag/DWM1001-Real-Time-Localization-System/dwm-simple/../../lib/libdwm.a(shell.o)
 .text._shell_show_hidden
                0x0000000000049e54        0xc /home/leonas/User/Lab/Do_an_tham_khao/Do_an/dwm1001_Tag/DWM1001-Real-Time-Localization-System/dwm-simple/../../lib/libdwm.a(shell.o)
 .text._shell_init_ready_await
                0x0000000000049e60       0x18 /home/leonas/User/Lab/Do_an_tham_khao/Do_an/dwm1001_Tag/DWM1001-Real-Time-Localization-System/dwm-simple/../../lib/libdwm.a(shell.o)
 .text.shell_init_print_fnc
                0x0000000000049e78        0xc /home/leonas/User/Lab/Do_an_tham_khao/Do_an/dwm1001_Tag/DWM1001-Real-Time-Localization-System/dwm-simple/../../lib/libdwm.a(shell.o)
 .text._shell_print_hex
                0x0000000000049e84       0x48 /home/leonas/User/Lab/Do_an_tham_khao/Do_an/dwm1001_Tag/DWM1001-Real-Time-Localization-System/dwm-simple/../../lib/libdwm.a(shell.o)
 .text._shell_get_arg_int
                0x0000000000049ecc       0x4c /home/leonas/User/Lab/Do_an_tham_khao/Do_an/dwm1001_Tag/DWM1001-Real-Time-Localization-System/dwm-simple/../../lib/libdwm.a(shell.o)
 .text._shell_start
                0x0000000000049f18        0x4 /home/leonas/User/Lab/Do_an_tham_khao/Do_an/dwm1001_Tag/DWM1001-Real-Time-Localization-System/dwm-simple/../../lib/libdwm.a(shell.o)
 .text._shell_uninit
                0x0000000000049f1c       0x3c /home/leonas/User/Lab/Do_an_tham_khao/Do_an/dwm1001_Tag/DWM1001-Real-Time-Localization-System/dwm-simple/../../lib/libdwm.a(shell.o)
 .text._shell_init
                0x0000000000049f58       0x44 /home/leonas/User/Lab/Do_an_tham_khao/Do_an/dwm1001_Tag/DWM1001-Real-Time-Localization-System/dwm-simple/../../lib/libdwm.a(shell.o)
 .text.shell_fsm_entry
                0x0000000000049f9c      0x29c /home/leonas/User/Lab/Do_an_tham_khao/Do_an/dwm1001_Tag/DWM1001-Real-Time-Localization-System/dwm-simple/../../lib/libdwm.a(shell.o)
 .text.shell_thread_entry
                0x000000000004a238       0x88 /home/leonas/User/Lab/Do_an_tham_khao/Do_an/dwm1001_Tag/DWM1001-Real-Time-Localization-System/dwm-simple/../../lib/libdwm.a(shell.o)
                0x000000000004a238                shell_thread_entry
 .text.dwm_shell_init
                0x000000000004a2c0       0x10 /home/leonas/User/Lab/Do_an_tham_khao/Do_an/dwm1001_Tag/DWM1001-Real-Time-Localization-System/dwm-simple/../../lib/libdwm.a(shell.o)
                0x000000000004a2c0                dwm_shell_init
 .text.shell_init
                0x000000000004a2d0       0x10 /home/leonas/User/Lab/Do_an_tham_khao/Do_an/dwm1001_Tag/DWM1001-Real-Time-Localization-System/dwm-simple/../../lib/libdwm.a(shell.o)
                0x000000000004a2d0                shell_init
 .text.shell_uninit
                0x000000000004a2e0       0x10 /home/leonas/User/Lab/Do_an_tham_khao/Do_an/dwm1001_Tag/DWM1001-Real-Time-Localization-System/dwm-simple/../../lib/libdwm.a(shell.o)
                0x000000000004a2e0                shell_uninit
 .text._shell_delete_if_unused
                0x000000000004a2f0       0x2c /home/leonas/User/Lab/Do_an_tham_khao/Do_an/dwm1001_Tag/DWM1001-Real-Time-Localization-System/dwm-simple/../../lib/libdwm.a(shell.o)
 .text.shell_start
                0x000000000004a31c       0x10 /home/leonas/User/Lab/Do_an_tham_khao/Do_an/dwm1001_Tag/DWM1001-Real-Time-Localization-System/dwm-simple/../../lib/libdwm.a(shell.o)
                0x000000000004a31c                shell_start
 .text.shell_stop
                0x000000000004a32c       0x10 /home/leonas/User/Lab/Do_an_tham_khao/Do_an/dwm1001_Tag/DWM1001-Real-Time-Localization-System/dwm-simple/../../lib/libdwm.a(shell.o)
                0x000000000004a32c                shell_stop
 .text.shell_quit
                0x000000000004a33c       0x14 /home/leonas/User/Lab/Do_an_tham_khao/Do_an/dwm1001_Tag/DWM1001-Real-Time-Localization-System/dwm-simple/../../lib/libdwm.a(shell.o)
 .text.shell_delete_if_unused
                0x000000000004a350       0x10 /home/leonas/User/Lab/Do_an_tham_khao/Do_an/dwm1001_Tag/DWM1001-Real-Time-Localization-System/dwm-simple/../../lib/libdwm.a(shell.o)
                0x000000000004a350                shell_delete_if_unused
 .text.shell_add_cmds
                0x000000000004a360       0x10 /home/leonas/User/Lab/Do_an_tham_khao/Do_an/dwm1001_Tag/DWM1001-Real-Time-Localization-System/dwm-simple/../../lib/libdwm.a(shell.o)
                0x000000000004a360                shell_add_cmds
 .text.get_argc
                0x000000000004a370       0x10 /home/leonas/User/Lab/Do_an_tham_khao/Do_an/dwm1001_Tag/DWM1001-Real-Time-Localization-System/dwm-simple/../../lib/libdwm.a(shell.o)
                0x000000000004a370                get_argc
 .text.shell_get_arg
                0x000000000004a380       0x10 /home/leonas/User/Lab/Do_an_tham_khao/Do_an/dwm1001_Tag/DWM1001-Real-Time-Localization-System/dwm-simple/../../lib/libdwm.a(shell.o)
                0x000000000004a380                shell_get_arg
 .text._get_argv
                0x000000000004a390        0x4 /home/leonas/User/Lab/Do_an_tham_khao/Do_an/dwm1001_Tag/DWM1001-Real-Time-Localization-System/dwm-simple/../../lib/libdwm.a(shell.o)
 .text.shell_get_arg_int
                0x000000000004a394       0x10 /home/leonas/User/Lab/Do_an_tham_khao/Do_an/dwm1001_Tag/DWM1001-Real-Time-Localization-System/dwm-simple/../../lib/libdwm.a(shell.o)
                0x000000000004a394                shell_get_arg_int
 .text.shell_set_init_print
                0x000000000004a3a4       0x10 /home/leonas/User/Lab/Do_an_tham_khao/Do_an/dwm1001_Tag/DWM1001-Real-Time-Localization-System/dwm-simple/../../lib/libdwm.a(shell.o)
                0x000000000004a3a4                shell_set_init_print
 .text._dwm_shell_init
                0x000000000004a3b4       0x70 /home/leonas/User/Lab/Do_an_tham_khao/Do_an/dwm1001_Tag/DWM1001-Real-Time-Localization-System/dwm-simple/../../lib/libdwm.a(shell.o)
                0x000000000004a3b4                _dwm_shell_init
 .text.shell_show_hidden
                0x000000000004a424       0x10 /home/leonas/User/Lab/Do_an_tham_khao/Do_an/dwm1001_Tag/DWM1001-Real-Time-Localization-System/dwm-simple/../../lib/libdwm.a(shell.o)
                0x000000000004a424                shell_show_hidden
 .text.shell_help
                0x000000000004a434       0xa8 /home/leonas/User/Lab/Do_an_tham_khao/Do_an/dwm1001_Tag/DWM1001-Real-Time-Localization-System/dwm-simple/../../lib/libdwm.a(shell.o)
 .text.shell_show_hidden_enabled
                0x000000000004a4dc       0x14 /home/leonas/User/Lab/Do_an_tham_khao/Do_an/dwm1001_Tag/DWM1001-Real-Time-Localization-System/dwm-simple/../../lib/libdwm.a(shell.o)
                0x000000000004a4dc                shell_show_hidden_enabled
 .text.shell_is_compiled
                0x000000000004a4f0        0xc /home/leonas/User/Lab/Do_an_tham_khao/Do_an/dwm1001_Tag/DWM1001-Real-Time-Localization-System/dwm-simple/../../lib/libdwm.a(shell.o)
                0x000000000004a4f0                shell_is_compiled
 .text.shell_compile
                0x000000000004a4fc       0xe0 /home/leonas/User/Lab/Do_an_tham_khao/Do_an/dwm1001_Tag/DWM1001-Real-Time-Localization-System/dwm-simple/../../lib/libdwm.a(shell.o)
                0x000000000004a4fc                shell_compile
 .text.cmd_twi  0x000000000004a5dc       0xc4 /home/leonas/User/Lab/Do_an_tham_khao/Do_an/dwm1001_Tag/DWM1001-Real-Time-Localization-System/dwm-simple/../../lib/libdwm.a(shell-sens.o)
                0x000000000004a5dc                cmd_twi
 .text.cmd_stnry_cfg_get
                0x000000000004a6a0       0x2c /home/leonas/User/Lab/Do_an_tham_khao/Do_an/dwm1001_Tag/DWM1001-Real-Time-Localization-System/dwm-simple/../../lib/libdwm.a(shell-sens.o)
                0x000000000004a6a0                cmd_stnry_cfg_get
 .text.cmd_acc_xyz
                0x000000000004a6cc       0x48 /home/leonas/User/Lab/Do_an_tham_khao/Do_an/dwm1001_Tag/DWM1001-Real-Time-Localization-System/dwm-simple/../../lib/libdwm.a(shell-sens.o)
 .text.cmd_acc_id
                0x000000000004a714       0x24 /home/leonas/User/Lab/Do_an_tham_khao/Do_an/dwm1001_Tag/DWM1001-Real-Time-Localization-System/dwm-simple/../../lib/libdwm.a(shell-sens.o)
 .text.cmd_stnry_cfg_set
                0x000000000004a738       0x60 /home/leonas/User/Lab/Do_an_tham_khao/Do_an/dwm1001_Tag/DWM1001-Real-Time-Localization-System/dwm-simple/../../lib/libdwm.a(shell-sens.o)
                0x000000000004a738                cmd_stnry_cfg_set